new:173:33:void* operator new(std::size_t, void*)	16	static
stl_algobase.h:1020:3:constexpr int std::__lg(int)	16	static
gthr-default.h:229:1:int __gthread_key_delete(__gthread_key_t)	16	static
std_abs.h:75:3:constexpr float std::abs(float)	16	static
cmath:165:3:constexpr float std::ceil(float)	16	static
cmath:222:3:constexpr float std::exp(float)	16	static
cmath:260:3:constexpr float std::floor(float)	16	static
cmath:425:3:constexpr float std::sin(float)	16	static
cmath:463:3:constexpr float std::sqrt(float)	16	static
cmath:1756:3:constexpr float std::round(float)	16	static
limits:925:7:static constexpr short int std::numeric_limits<short int>::min()	4	static
limits:928:7:static constexpr short int std::numeric_limits<short int>::max()	4	static
std_function.h:87:17:void* std::_Any_data::_M_access()	16	static
std_function.h:88:17:const void* std::_Any_data::_M_access() const	16	static
std_function.h:255:5:std::_Function_base::_Function_base()	16	static
std_function.h:257:5:std::_Function_base::~_Function_base()	16	static
std_function.h:263:10:bool std::_Function_base::_M_empty() const	16	static
numpy_types.h:85:5:ei::ei_matrix::ei_matrix(uint32_t, uint32_t, float*)	24	static
numpy_types.h:123:5:ei::ei_matrix::~ei_matrix()	16	static
numpy_types.h:159:5:ei::ei_matrix_i16::ei_matrix_i16(uint32_t, uint32_t, int16_t*)	24	static
numpy_types.h:197:5:ei::ei_matrix_i16::~ei_matrix_i16()	16	static
numpy_types.h:233:5:ei::ei_matrix_i32::ei_matrix_i32(uint32_t, uint32_t, int32_t*)	24	static
numpy_types.h:271:5:ei::ei_matrix_i32::~ei_matrix_i32()	16	static
numpy_types.h:396:5:ei::ei_quantized_matrix::ei_quantized_matrix(uint32_t, uint32_t, float (*)(uint8_t), uint8_t*)	24	static
numpy_types.h:438:5:ei::ei_quantized_matrix::~ei_quantized_matrix()	16	static
numpy_types.h:520:32:void std::__throw_bad_function_call()	4	static
numpy_types.h:521:32:void std::__throw_length_error(const char*)	16	static
numpy.hpp:66:16:static int ei::numpy::roll(float*, size_t, int)	48	static
numpy.hpp:98:16:static int ei::numpy::roll(int*, size_t, int)	48	static
numpy.hpp:122:18:static float ei::numpy::sum(float*, size_t)	24	static
numpy.hpp:257:23:static int ei::numpy::dot_by_row(int, float*, size_t, ei::quantized_matrix_t*, ei::matrix_t*)	40	static
numpy.hpp:286:16:static int ei::numpy::transpose(ei::matrix_t*)	24	static
numpy.hpp:301:16:static int ei::numpy::transpose(ei::matrix_i16_t*)	24	static
numpy.hpp:323:16:static int ei::numpy::transpose(float*, int, int)	72	static
numpy.hpp:361:16:static int ei::numpy::transpose(int16_t*, int, int)	72	static
numpy.hpp:449:16:static int ei::numpy::dct2(float*, size_t, ei::DCT_NORMALIZATION_MODE)	48	static
numpy.hpp:479:16:static int ei::numpy::dct2(ei::matrix_t*, ei::DCT_NORMALIZATION_MODE)	24	static
numpy.hpp:494:20:static uint8_t ei::numpy::quantize_zero_one(float)	40	static
numpy.hpp:536:18:static float ei::numpy::dequantize_zero_one(uint8_t)	16	static
numpy.hpp:549:16:static int ei::numpy::pad_1d_symmetric(ei::matrix_t*, ei::matrix_t*, uint16_t, uint16_t)	48	static
numpy.hpp:619:16:static int ei::numpy::scale(ei::matrix_t*, float)	40	static
numpy.hpp:648:16:static int ei::numpy::scale(ei::matrix_i16_t*, float)	40	static
numpy.hpp:678:16:static int ei::numpy::scale(ei::matrix_i32_t*, float)	40	static
numpy.hpp:773:16:static int ei::numpy::subtract(ei::matrix_t*, float)	24	static
numpy.hpp:786:16:static int ei::numpy::subtract(ei::matrix_i16_t*, int16_t)	24	static
numpy.hpp:799:16:static int ei::numpy::subtract(ei::matrix_t*, ei::matrix_t*)	48	static
numpy.hpp:825:16:static int ei::numpy::subtract(ei::matrix_i16_t*, ei::matrix_i16_t*)	48	static
numpy.hpp:851:16:static int ei::numpy::rms(ei::matrix_t*, ei::matrix_t*)	24	static
numpy.hpp:884:16:static int ei::numpy::rms(ei::matrix_i16_t*, ei::matrix_i16_t*)	24	static
numpy.hpp:916:16:static int ei::numpy::mean(ei::matrix_t*, ei::matrix_t*)	24	static
numpy.hpp:948:16:static int ei::numpy::mean(ei::matrix_i16_t*, ei::matrix_i16_t*)	24	static
numpy.hpp:981:16:static int ei::numpy::mean_axis0(ei::matrix_t*, ei::matrix_t*)	32	static
numpy.hpp:1015:16:static int ei::numpy::std_axis0(ei::matrix_t*, ei::matrix_t*)	16	static
numpy.hpp:1056:16:static int ei::numpy::min(ei::matrix_t*, ei::matrix_t*)	32	static
numpy.hpp:1092:16:static int ei::numpy::max(ei::matrix_t*, ei::matrix_t*)	32	static
numpy.hpp:1128:16:static int ei::numpy::stdev(ei::matrix_t*, ei::matrix_t*)	40	static
numpy.hpp:1172:16:static int ei::numpy::skew(ei::matrix_t*, ei::matrix_t*)	40	static
numpy.hpp:1237:16:static int ei::numpy::kurtosis(ei::matrix_t*, ei::matrix_t*)	32	static
numpy.hpp:1304:16:static int ei::numpy::rfft(const float*, size_t, float*, size_t, size_t)	120	static
numpy.hpp:1449:16:static int ei::numpy::rfft(const int32_t*, size_t, int32_t*, size_t, size_t)	112	static
numpy.hpp:1522:16:static int ei::numpy::rfft(const float*, size_t, ei::fft_complex_t*, size_t, size_t)	112	static
numpy.hpp:1597:16:static int ei::numpy::rfft(const int16_t*, size_t, ei::fft_complex_i16_t*, size_t, size_t)	112	static
numpy.hpp:1687:16:static int ei::numpy::linspace(float, float, uint32_t, float*)	32	static
numpy.hpp:1726:16:static int ei::numpy::linspace(int16_t, int16_t, uint32_t, int16_t*)	32	static
numpy.hpp:1765:16:static int ei::numpy::linspace(int32_t, int32_t, uint32_t, int32_t*)	32	static
numpy.hpp:1816:16:static int ei::numpy::float_to_int32(const float*, int32_t*, size_t)	24	static
numpy.hpp:1853:16:static int ei::numpy::float_to_int16(const float*, int16_t*, size_t)	24	static
numpy.hpp:1898:28:ei::numpy::signal_from_buffer(float*, size_t, ei::signal_t*)::<lambda(size_t, size_t, float*)>	24	static
numpy.hpp:1892:16:static int ei::numpy::signal_from_buffer(float*, size_t, ei::signal_t*)	32	static
numpy.hpp:1970:16:static int ei::numpy::log(ei::matrix_t*)	64	static
numpy.hpp:1987:20:static int32_t ei::numpy::saturate(int64_t, uint32_t)	48	static
numpy.hpp:2006:16:static int ei::numpy::normalize(ei::matrix_t*)	80	static
numpy.hpp:2047:16:static int ei::numpy::software_rfft(float*, float*, size_t, size_t)	56	static
numpy.hpp:2078:16:static int ei::numpy::software_rfft(float*, ei::fft_complex_t*, size_t, size_t)	40	static
numpy.hpp:2098:16:static int ei::numpy::signal_get_data(float*, size_t, size_t, float*)	24	static
numpy.hpp:2119:17:static void ei::numpy::cmsis_arm_variance(const float32_t*, uint32_t, float32_t*)	48	static
numpy.hpp:2189:16:static int ei::numpy::std_axis0_CMSIS(ei::matrix_t*, ei::matrix_t*)	56	static
numpy.hpp:2243:17:static void ei::numpy::cmsis_arm_third_moment(const float32_t*, uint32_t, float32_t, float32_t*)	40	static
numpy.hpp:2301:17:static void ei::numpy::cmsis_arm_fourth_moment(const float32_t*, uint32_t, float32_t, float32_t*)	48	static
filters.hpp:45:17:void ei::spectral::filters::butterworth_lowpass(int, float, float, const float*, float*, size_t)	120	static
filters.hpp:101:17:void ei::spectral::filters::butterworth_highpass(int, float, float, const float*, float*, size_t)	120	static
processing.hpp:99:40:int ei::spectral::processing::scale(float*, size_t, float)	48	static
processing.hpp:115:16:int ei::spectral::processing::butterworth_lowpass_filter(ei::matrix_t*, float, float, uint8_t)	40	static
processing.hpp:144:16:int ei::spectral::processing::butterworth_highpass_filter(ei::matrix_t*, float, float, uint8_t)	40	static
fir_filter.hpp:35:7:fir_filter<short int, long long int>::~fir_filter()	16	static
processing.hpp:177:16:int ei::spectral::processing::i16_filter(ei::matrix_i16_t*, float, uint8_t, float, float, int)	80	static
processing.hpp:210:16:int ei::spectral::processing::find_peak_indexes(ei::matrix_t*, ei::matrix_t*, float, uint16_t*)	72	static
processing.hpp:266:16:int ei::spectral::processing::find_peak_indexes(ei::matrix_i16_t*, ei::matrix_i16_t*, int16_t, uint16_t*)	56	static
processing.hpp:309:16:int ei::spectral::processing::find_peak_indexes(ei::matrix_i32_t*, ei::matrix_i32_t*, int16_t, uint16_t*)	56	static
stl_vector.h:125:14:std::_Vector_base<ei::spectral::processing::freq_peak_t, std::allocator<ei::spectral::processing::freq_peak_t> >::_Vector_impl::~_Vector_impl()	16	static
stl_vector.h:285:7:std::_Vector_base<_Tp, _Alloc>::_Vector_base() [with _Tp = ei::spectral::processing::freq_peak_t; _Alloc = std::allocator<ei::spectral::processing::freq_peak_t>]	16	static
stl_vector.h:484:7:std::vector<_Tp, _Alloc>::vector() [with _Tp = ei::spectral::processing::freq_peak_t; _Alloc = std::allocator<ei::spectral::processing::freq_peak_t>]	16	static
processing.hpp:409:13:ei::spectral::processing::find_fft_peaks(ei::matrix_t*, ei::matrix_t*, float, float, uint16_t)::<lambda(const ei::spectral::processing::freq_peak_t&, const ei::spectral::processing::freq_peak_t&)>	24	static
processing.hpp:360:16:int ei::spectral::processing::find_fft_peaks(ei::matrix_t*, ei::matrix_t*, float, float, uint16_t)	144	static
stl_vector.h:125:14:std::_Vector_base<ei::spectral::processing::freq_peak_i16_t, std::allocator<ei::spectral::processing::freq_peak_i16_t> >::_Vector_impl::~_Vector_impl()	16	static
stl_vector.h:285:7:std::_Vector_base<_Tp, _Alloc>::_Vector_base() [with _Tp = ei::spectral::processing::freq_peak_i16_t; _Alloc = std::allocator<ei::spectral::processing::freq_peak_i16_t>]	16	static
stl_vector.h:484:7:std::vector<_Tp, _Alloc>::vector() [with _Tp = ei::spectral::processing::freq_peak_i16_t; _Alloc = std::allocator<ei::spectral::processing::freq_peak_i16_t>]	16	static
processing.hpp:489:13:ei::spectral::processing::find_fft_peaks(ei::matrix_i16_t*, ei::matrix_i16_t*, float, float, uint16_t)::<lambda(const ei::spectral::processing::freq_peak_i16_t&, const ei::spectral::processing::freq_peak_i16_t&)>	24	static
processing.hpp:431:40:int ei::spectral::processing::find_fft_peaks(ei::matrix_i16_t*, ei::matrix_i16_t*, float, float, uint16_t)	136	static
stl_vector.h:125:14:std::_Vector_base<ei::spectral::processing::freq_peak_i32_t, std::allocator<ei::spectral::processing::freq_peak_i32_t> >::_Vector_impl::~_Vector_impl()	16	static
stl_vector.h:285:7:std::_Vector_base<_Tp, _Alloc>::_Vector_base() [with _Tp = ei::spectral::processing::freq_peak_i32_t; _Alloc = std::allocator<ei::spectral::processing::freq_peak_i32_t>]	16	static
stl_vector.h:484:7:std::vector<_Tp, _Alloc>::vector() [with _Tp = ei::spectral::processing::freq_peak_i32_t; _Alloc = std::allocator<ei::spectral::processing::freq_peak_i32_t>]	16	static
processing.hpp:570:13:ei::spectral::processing::find_fft_peaks(ei::matrix_i32_t*, ei::matrix_i32_t*, float, float, uint16_t)::<lambda(const ei::spectral::processing::freq_peak_i32_t&, const ei::spectral::processing::freq_peak_i32_t&)>	24	static
processing.hpp:512:16:int ei::spectral::processing::find_fft_peaks(ei::matrix_i32_t*, ei::matrix_i32_t*, float, float, uint16_t)	144	static
processing.hpp:602:9:int ei::spectral::processing::spectral_power_edges(ei::matrix_t*, ei::matrix_t*, ei::matrix_t*, ei::matrix_t*, float)	88	static
processing.hpp:655:9:int ei::spectral::processing::spectral_power_edges(ei::matrix_i16_t*, ei::matrix_i16_t*, ei::matrix_i16_t*, ei::matrix_i16_t*, float)	88	static
processing.hpp:727:9:int ei::spectral::processing::periodogram(ei::matrix_t*, ei::matrix_t*, ei::matrix_t*, float, uint16_t)	128	static
processing.hpp:819:9:int ei::spectral::processing::periodogram(ei::matrix_i16_t*, ei::matrix_i16_t*, ei::matrix_i16_t*, float, uint16_t)	128	static
feature.hpp:56:16:static int ei::spectral::feature::spectral_analysis(ei::matrix_t*, ei::matrix_t*, float, ei::spectral::filter_t, float, uint8_t, uint16_t, uint8_t, float, ei::matrix_t*)	224	static
feature.hpp:184:16:static int ei::spectral::feature::spectral_analysis(ei::matrix_i32_t*, ei::matrix_i16_t*, float, ei::spectral::filter_t, float, uint8_t, uint16_t, uint8_t, float, ei::matrix_i16_t*)	240	static
feature.hpp:331:19:static size_t ei::spectral::feature::calculate_spectral_buffer_size(bool, size_t, size_t)	32	static
functions.hpp:41:18:static float ei::speechpy::functions::frequency_to_mel(float)	56	static
functions.hpp:51:18:static float ei::speechpy::functions::mel_to_frequency(float)	16	static
functions.hpp:62:17:static void ei::speechpy::functions::zero_handling(float*, size_t)	24	static
functions.hpp:76:17:static void ei::speechpy::functions::zero_handling(ei::matrix_t*)	16	static
functions.hpp:89:16:static int ei::speechpy::functions::triangle(float*, size_t, int, int, int)	56	static
processing.hpp:38:5:ei::speechpy::ei_stack_frames_info::~ei_stack_frames_info()	24	static
processing.hpp:54:9:ei::speechpy::processing::preemphasis::preemphasis(ei::ei_signal_t*, int, float)	24	static
processing.hpp:77:13:int ei::speechpy::processing::preemphasis::get_data(size_t, size_t, float*)	40	static
processing.hpp:124:9:ei::speechpy::processing::preemphasis::~preemphasis()	16	static
processing.hpp:153:40:int ei::speechpy::processing::preemphasis(float*, size_t, int, float)	40	static
stl_vector.h:125:14:std::_Vector_base<long unsigned int, std::allocator<long unsigned int> >::_Vector_impl::~_Vector_impl()	16	static
stl_vector.h:285:7:std::_Vector_base<_Tp, _Alloc>::_Vector_base() [with _Tp = long unsigned int; _Alloc = std::allocator<long unsigned int>]	16	static
stl_vector.h:484:7:std::vector<_Tp, _Alloc>::vector() [with _Tp = long unsigned int; _Alloc = std::allocator<long unsigned int>]	16	static
processing.hpp:196:16:int ei::speechpy::processing::stack_frames(ei::speechpy::stack_frames_info_t*, uint32_t, float, float, bool, uint16_t)	80	static
processing.hpp:274:20:int32_t ei::speechpy::processing::calculate_no_of_stack_frames(size_t, uint32_t, float, float, bool, uint16_t)	48	static
processing.hpp:320:16:int ei::speechpy::processing::power_spectrum(float*, size_t, float*, size_t, uint16_t)	48	static
processing.hpp:352:16:int ei::speechpy::processing::cmvnw(ei::matrix_t*, uint16_t, bool, bool)	120	static
feature.hpp:53:16:static int ei::speechpy::feature::filterbanks(ei::quantized_matrix_t*, uint16_t, int, uint32_t, uint32_t, uint32_t, bool)	120	static
feature.hpp:192:16:static int ei::speechpy::feature::mfe(ei::matrix_t*, ei::matrix_t*, ei::signal_t*, uint32_t, float, float, uint16_t, uint16_t, uint32_t, uint32_t, uint16_t)	152	static
feature.hpp:334:16:static int ei::speechpy::feature::spectrogram(ei::matrix_t*, ei::signal_t*, uint32_t, float, float, uint16_t, uint16_t)	104	static
feature.hpp:418:26:static ei::matrix_size_t ei::speechpy::feature::calculate_mfe_buffer_size(size_t, uint32_t, float, float, uint16_t, uint16_t)	40	static
feature.hpp:462:16:static int ei::speechpy::feature::mfcc(ei::matrix_t*, ei::signal_t*, uint32_t, float, float, uint8_t, uint16_t, uint16_t, uint32_t, uint32_t, bool, uint16_t)	160	static
feature.hpp:543:26:static ei::matrix_size_t ei::speechpy::feature::calculate_mfcc_buffer_size(size_t, uint32_t, float, float, uint16_t, uint16_t)	40	static
ei_run_dsp.h:48:29:int {anonymous}::extract_spectral_analysis_features(ei::signal_t*, ei::matrix_t*, void*, float)	280	static
ei_run_dsp.h:148:46:void __tcf_0()	8	static
ei_run_dsp.h:145:15:ei::matrix_i16_t* {anonymous}::create_edges_matrix(ei_dsp_config_spectral_analysis_t, float)	168	static
ei_run_dsp.h:186:29:int {anonymous}::extract_spectral_analysis_features(ei::signal_i16_t*, ei::matrix_i32_t*, void*, float)	136	static
ei_run_dsp.h:259:29:int {anonymous}::extract_raw_features(ei::signal_t*, ei::matrix_t*, void*, float)	64	static
ei_run_dsp.h:280:29:int {anonymous}::extract_flatten_features(ei::signal_t*, ei::matrix_t*, void*, float)	240	static
ei_run_dsp.h:382:12:int {anonymous}::preemphasized_audio_signal_get_data(size_t, size_t, float*)	24	static
std_function.h:369:11:std::function<int(unsigned int, unsigned int, float*)>::~function()	16	static
numpy_types.h:471:16:ei::ei_signal_t::ei_signal_t()	16	static
numpy_types.h:471:16:ei::ei_signal_t::~ei_signal_t()	16	static
ei_run_dsp.h:386:29:int {anonymous}::extract_mfcc_features(ei::signal_t*, ei::matrix_t*, void*, float)	176	static
ei_run_dsp.h:443:29:int {anonymous}::extract_mfcc_per_slice_features(ei::signal_t*, ei::matrix_t*, void*, float)	176	static
ei_run_dsp.h:516:29:int {anonymous}::extract_spectrogram_features(ei::signal_t*, ei::matrix_t*, void*, float)	96	static
ei_run_dsp.h:564:29:int {anonymous}::extract_spectrogram_per_slice_features(ei::signal_t*, ei::matrix_t*, void*, float)	96	static
ei_run_dsp.h:618:29:int {anonymous}::extract_mfe_features(ei::signal_t*, ei::matrix_t*, void*, float)	128	static
ei_run_dsp.h:669:29:int {anonymous}::extract_mfe_per_slice_features(ei::signal_t*, ei::matrix_t*, void*, float)	128	static
ei_run_dsp.h:724:29:int {anonymous}::extract_image_features(ei::signal_t*, ei::matrix_t*, void*, float)	112	static
ei_classifier_smooth.h:49:6:void ei_classifier_smooth_init(ei_classifier_smooth_t*, size_t, uint8_t, float, float)	40	static
ei_classifier_smooth.h:69:13:const char* ei_classifier_smooth_update(ei_classifier_smooth_t*, ei_impulse_result_t*)	40	static
ei_classifier_smooth.h:138:6:void ei_classifier_smooth_free(ei_classifier_smooth_t*)	16	static
ei_run_classifier.h:143:18:float {anonymous}::run_moving_average_filter(ei_impulse_maf*, float)	16	static
ei_run_classifier.h:165:13:void {anonymous}::clear_moving_average_filter(ei_impulse_maf*)	24	static
ei_run_classifier.h:177:17:void {anonymous}::run_classifier_init()	16	static
ei_run_classifier.h:200:84:void __tcf_1()	8	static
ei_run_classifier.h:197:29:EI_IMPULSE_ERROR {anonymous}::run_classifier_continuous(ei::signal_t*, ei_impulse_result_t*, bool)	136	static
ei_run_classifier.h:515:29:EI_IMPULSE_ERROR {anonymous}::run_inference(ei::matrix_t*, ei_impulse_result_t*, bool)	176	static
ei_run_classifier.h:998:29:EI_IMPULSE_ERROR {anonymous}::run_classifier(ei::signal_t*, ei_impulse_result_t*, bool)	104	static
ei_run_classifier.h:1136:13:void {anonymous}::calc_cepstral_mean_and_var_normalization_mfcc(ei::ei_matrix*, void*)	24	static
ei_run_classifier.h:1162:13:void {anonymous}::calc_cepstral_mean_and_var_normalization_mfe(ei::ei_matrix*, void*)	24	static
ei_run_classifier.h:1188:13:void {anonymous}::calc_cepstral_mean_and_var_normalization_spectrogram(ei::ei_matrix*, void*)	24	static
ei_run_classifier.h:1210:49:EI_IMPULSE_ERROR {anonymous}::can_run_classifier_image_quantized()	4	static
ei_run_classifier.h:1323:42:EI_IMPULSE_ERROR {anonymous}::run_impulse(ei_impulse_result_t*, std::function<void(float*, unsigned int)>, bool)	112	static
main.cpp:81:5:int get_feature_data(size_t, size_t, float*)	24	static
main.cpp:91:5:int main()	88	static
main.cpp:175:6:void SystemClock_Config()	88	static
main.cpp:219:13:void MX_CRC_Init()	8	static
main.cpp:245:13:void MX_I2C1_Init()	8	static
main.cpp:279:13:void MX_USART2_UART_Init()	8	static
main.cpp:312:13:void MX_GPIO_Init()	48	static
main.cpp:341:12:int intToStr(int16_t, char*)	24	static
main.cpp:377:13:void reverse(char*, int)	32	static
main.cpp:397:6:void Error_Handler()	4	static
cmath:475:5:constexpr typename __gnu_cxx::__enable_if<std::__is_integer<_Tp>::__value, double>::__type std::sqrt(_Tp) [with _Tp = int]	16	static
std_function.h:523:2:)>::operator=(_Functor&&) [with _Functor = ei::numpy::signal_from_buffer(float*, size_t, ei::signal_t*)::<lambda(size_t, size_t, float*)>; _Res = int; _ArgTypes = {unsigned int, unsigned int, float*}]	32	static
cmath:415:5:constexpr typename __gnu_cxx::__promote_2<_Tp, _Up>::__type std::pow(_Tp, _Up) [with _Tp = float; _Up = int]	24	static
std_function.h:683:5:) const [with _Res = int; _ArgTypes = {unsigned int, unsigned int, float*}]	40	static
fir_filter.hpp:103:5:fir_filter<input_t, acc_t>::fir_filter(float, uint8_t, float, float, int) [with input_t = short int; acc_t = long long int]	80	static
stl_vector.h:675:7:std::vector<_Tp, _Alloc>::~vector() [with _Tp = short int; _Alloc = std::allocator<short int>]	24	static
fir_filter.hpp:201:10:void fir_filter<input_t, acc_t>::reset() [with input_t = short int; acc_t = long long int]	32	static
fir_filter.hpp:152:10:void fir_filter<input_t, acc_t>::apply_filter(const input_t*, input_t*, size_t) [with input_t = short int; acc_t = long long int]	96	static
cmath:272:5:constexpr typename __gnu_cxx::__enable_if<std::__is_integer<_Tp>::__value, double>::__type std::floor(_Tp) [with _Tp = int]	16	static
stl_vector.h:128:2:std::_Vector_base<_Tp, _Alloc>::_Vector_impl::_Vector_impl() [with _Tp = ei::spectral::processing::freq_peak_t; _Alloc = std::allocator<ei::spectral::processing::freq_peak_t>]	16	static
allocator.h:153:7:std::allocator< <template-parameter-1-1> >::~allocator() [with _Tp = ei::spectral::processing::freq_peak_t]	16	static
stl_vector.h:330:7:std::_Vector_base<_Tp, _Alloc>::~_Vector_base() [with _Tp = ei::spectral::processing::freq_peak_t; _Alloc = std::allocator<ei::spectral::processing::freq_peak_t>]	16	static
stl_vector.h:675:7:std::vector<_Tp, _Alloc>::~vector() [with _Tp = ei::spectral::processing::freq_peak_t; _Alloc = std::allocator<ei::spectral::processing::freq_peak_t>]	24	static
stl_vector.h:1184:7:void std::vector<_Tp, _Alloc>::push_back(const value_type&) [with _Tp = ei::spectral::processing::freq_peak_t; _Alloc = std::allocator<ei::spectral::processing::freq_peak_t>]	16	static
stl_vector.h:808:7:std::vector<_Tp, _Alloc>::iterator std::vector<_Tp, _Alloc>::begin() [with _Tp = ei::spectral::processing::freq_peak_t; _Alloc = std::allocator<ei::spectral::processing::freq_peak_t>]	24	static
stl_vector.h:826:7:std::vector<_Tp, _Alloc>::iterator std::vector<_Tp, _Alloc>::end() [with _Tp = ei::spectral::processing::freq_peak_t; _Alloc = std::allocator<ei::spectral::processing::freq_peak_t>]	24	static
stl_algo.h:4887:5:void std::sort(_RAIter, _RAIter, _Compare) [with _RAIter = __gnu_cxx::__normal_iterator<ei::spectral::processing::freq_peak_t*, std::vector<ei::spectral::processing::freq_peak_t> >; _Compare = ei::spectral::processing::find_fft_peaks(ei::matrix_t*, ei::matrix_t*, float, float, uint16_t)::<lambda(const ei::spectral::processing::freq_peak_t&, const ei::spectral::processing::freq_peak_t&)>]	32	static
stl_vector.h:915:7:std::vector<_Tp, _Alloc>::size_type std::vector<_Tp, _Alloc>::size() const [with _Tp = ei::spectral::processing::freq_peak_t; _Alloc = std::allocator<ei::spectral::processing::freq_peak_t>]	16	static
stl_vector.h:1040:7:std::vector<_Tp, _Alloc>::reference std::vector<_Tp, _Alloc>::operator[](std::vector<_Tp, _Alloc>::size_type) [with _Tp = ei::spectral::processing::freq_peak_t; _Alloc = std::allocator<ei::spectral::processing::freq_peak_t>]	16	static
stl_vector.h:128:2:std::_Vector_base<_Tp, _Alloc>::_Vector_impl::_Vector_impl() [with _Tp = ei::spectral::processing::freq_peak_i16_t; _Alloc = std::allocator<ei::spectral::processing::freq_peak_i16_t>]	16	static
allocator.h:153:7:std::allocator< <template-parameter-1-1> >::~allocator() [with _Tp = ei::spectral::processing::freq_peak_i16_t]	16	static
stl_vector.h:330:7:std::_Vector_base<_Tp, _Alloc>::~_Vector_base() [with _Tp = ei::spectral::processing::freq_peak_i16_t; _Alloc = std::allocator<ei::spectral::processing::freq_peak_i16_t>]	16	static
stl_vector.h:675:7:std::vector<_Tp, _Alloc>::~vector() [with _Tp = ei::spectral::processing::freq_peak_i16_t; _Alloc = std::allocator<ei::spectral::processing::freq_peak_i16_t>]	24	static
stl_vector.h:1184:7:void std::vector<_Tp, _Alloc>::push_back(const value_type&) [with _Tp = ei::spectral::processing::freq_peak_i16_t; _Alloc = std::allocator<ei::spectral::processing::freq_peak_i16_t>]	16	static
stl_vector.h:808:7:std::vector<_Tp, _Alloc>::iterator std::vector<_Tp, _Alloc>::begin() [with _Tp = ei::spectral::processing::freq_peak_i16_t; _Alloc = std::allocator<ei::spectral::processing::freq_peak_i16_t>]	24	static
stl_vector.h:826:7:std::vector<_Tp, _Alloc>::iterator std::vector<_Tp, _Alloc>::end() [with _Tp = ei::spectral::processing::freq_peak_i16_t; _Alloc = std::allocator<ei::spectral::processing::freq_peak_i16_t>]	24	static
stl_algo.h:4887:5:void std::sort(_RAIter, _RAIter, _Compare) [with _RAIter = __gnu_cxx::__normal_iterator<ei::spectral::processing::freq_peak_i16_t*, std::vector<ei::spectral::processing::freq_peak_i16_t> >; _Compare = ei::spectral::processing::find_fft_peaks(ei::matrix_i16_t*, ei::matrix_i16_t*, float, float, uint16_t)::<lambda(const ei::spectral::processing::freq_peak_i16_t&, const ei::spectral::processing::freq_peak_i16_t&)>]	32	static
stl_vector.h:915:7:std::vector<_Tp, _Alloc>::size_type std::vector<_Tp, _Alloc>::size() const [with _Tp = ei::spectral::processing::freq_peak_i16_t; _Alloc = std::allocator<ei::spectral::processing::freq_peak_i16_t>]	16	static
stl_vector.h:1040:7:std::vector<_Tp, _Alloc>::reference std::vector<_Tp, _Alloc>::operator[](std::vector<_Tp, _Alloc>::size_type) [with _Tp = ei::spectral::processing::freq_peak_i16_t; _Alloc = std::allocator<ei::spectral::processing::freq_peak_i16_t>]	16	static
stl_vector.h:128:2:std::_Vector_base<_Tp, _Alloc>::_Vector_impl::_Vector_impl() [with _Tp = ei::spectral::processing::freq_peak_i32_t; _Alloc = std::allocator<ei::spectral::processing::freq_peak_i32_t>]	16	static
allocator.h:153:7:std::allocator< <template-parameter-1-1> >::~allocator() [with _Tp = ei::spectral::processing::freq_peak_i32_t]	16	static
stl_vector.h:330:7:std::_Vector_base<_Tp, _Alloc>::~_Vector_base() [with _Tp = ei::spectral::processing::freq_peak_i32_t; _Alloc = std::allocator<ei::spectral::processing::freq_peak_i32_t>]	16	static
stl_vector.h:675:7:std::vector<_Tp, _Alloc>::~vector() [with _Tp = ei::spectral::processing::freq_peak_i32_t; _Alloc = std::allocator<ei::spectral::processing::freq_peak_i32_t>]	24	static
stl_vector.h:1184:7:void std::vector<_Tp, _Alloc>::push_back(const value_type&) [with _Tp = ei::spectral::processing::freq_peak_i32_t; _Alloc = std::allocator<ei::spectral::processing::freq_peak_i32_t>]	16	static
stl_vector.h:808:7:std::vector<_Tp, _Alloc>::iterator std::vector<_Tp, _Alloc>::begin() [with _Tp = ei::spectral::processing::freq_peak_i32_t; _Alloc = std::allocator<ei::spectral::processing::freq_peak_i32_t>]	24	static
stl_vector.h:826:7:std::vector<_Tp, _Alloc>::iterator std::vector<_Tp, _Alloc>::end() [with _Tp = ei::spectral::processing::freq_peak_i32_t; _Alloc = std::allocator<ei::spectral::processing::freq_peak_i32_t>]	24	static
stl_algo.h:4887:5:void std::sort(_RAIter, _RAIter, _Compare) [with _RAIter = __gnu_cxx::__normal_iterator<ei::spectral::processing::freq_peak_i32_t*, std::vector<ei::spectral::processing::freq_peak_i32_t> >; _Compare = ei::spectral::processing::find_fft_peaks(ei::matrix_i32_t*, ei::matrix_i32_t*, float, float, uint16_t)::<lambda(const ei::spectral::processing::freq_peak_i32_t&, const ei::spectral::processing::freq_peak_i32_t&)>]	32	static
stl_vector.h:915:7:std::vector<_Tp, _Alloc>::size_type std::vector<_Tp, _Alloc>::size() const [with _Tp = ei::spectral::processing::freq_peak_i32_t; _Alloc = std::allocator<ei::spectral::processing::freq_peak_i32_t>]	16	static
stl_vector.h:1040:7:std::vector<_Tp, _Alloc>::reference std::vector<_Tp, _Alloc>::operator[](std::vector<_Tp, _Alloc>::size_type) [with _Tp = ei::spectral::processing::freq_peak_i32_t; _Alloc = std::allocator<ei::spectral::processing::freq_peak_i32_t>]	16	static
stl_vector.h:675:7:std::vector<_Tp, _Alloc>::~vector() [with _Tp = long unsigned int; _Alloc = std::allocator<long unsigned int>]	24	static
std_function.h:564:16:)>::operator bool() const [with _Res = int; _ArgTypes = {unsigned int, unsigned int, float*}]	16	static
stl_vector.h:128:2:std::_Vector_base<_Tp, _Alloc>::_Vector_impl::_Vector_impl() [with _Tp = long unsigned int; _Alloc = std::allocator<long unsigned int>]	16	static
allocator.h:153:7:std::allocator< <template-parameter-1-1> >::~allocator() [with _Tp = long unsigned int]	16	static
stl_vector.h:330:7:std::_Vector_base<_Tp, _Alloc>::~_Vector_base() [with _Tp = long unsigned int; _Alloc = std::allocator<long unsigned int>]	16	static
stl_vector.h:1200:7:void std::vector<_Tp, _Alloc>::push_back(std::vector<_Tp, _Alloc>::value_type&&) [with _Tp = long unsigned int; _Alloc = std::allocator<long unsigned int>]	16	static
stl_vector.h:915:7:std::vector<_Tp, _Alloc>::size_type std::vector<_Tp, _Alloc>::size() const [with _Tp = long unsigned int; _Alloc = std::allocator<long unsigned int>]	16	static
stl_vector.h:1089:7:std::vector<_Tp, _Alloc>::reference std::vector<_Tp, _Alloc>::at(std::vector<_Tp, _Alloc>::size_type) [with _Tp = long unsigned int; _Alloc = std::allocator<long unsigned int>]	16	static
std_function.h:683:5:) const [with _Res = int; _ArgTypes = {unsigned int, unsigned int, short int*}]	40	static
std_function.h:396:7:)>::function() [with _Res = int; _ArgTypes = {unsigned int, unsigned int, float*}]	16	static
std_function.h:523:2:)>::operator=(_Functor&&) [with _Functor = int (*)(unsigned int, unsigned int, float*); _Res = int; _ArgTypes = {unsigned int, unsigned int, float*}]	32	static
std_function.h:683:5:) const [with _Res = void; _ArgTypes = {float*, unsigned int}]	40	static
move.h:74:5:constexpr _Tp&& std::forward(typename std::remove_reference<_Tp>::type&) [with _Tp = ei::numpy::signal_from_buffer(float*, size_t, ei::signal_t*)::<lambda(size_t, size_t, float*)>]	16	static
std_function.h:667:7:)>::function(_Functor) [with _Functor = ei::numpy::signal_from_buffer(float*, size_t, ei::signal_t*)::<lambda(size_t, size_t, float*)>; <template-parameter-2-2> = void; <template-parameter-2-3> = void; _Res = int; _ArgTypes = {unsigned int, unsigned int, float*}]	24	static
std_function.h:547:12:)>&) [with _Res = int; _ArgTypes = {unsigned int, unsigned int, float*}]	16	static
move.h:74:5:constexpr _Tp&& std::forward(typename std::remove_reference<_Tp>::type&) [with _Tp = unsigned int]	16	static
move.h:74:5:constexpr _Tp&& std::forward(typename std::remove_reference<_Tp>::type&) [with _Tp = float*]	16	static
allocator.h:138:7:std::allocator< <template-parameter-1-1> >::allocator() [with _Tp = short int]	16	static
allocator.h:153:7:std::allocator< <template-parameter-1-1> >::~allocator() [with _Tp = short int]	16	static
stl_vector.h:507:7:std::vector<_Tp, _Alloc>::vector(std::vector<_Tp, _Alloc>::size_type, const allocator_type&) [with _Tp = short int; _Alloc = std::allocator<short int>]	32	static
stl_vector.h:519:7:std::vector<_Tp, _Alloc>::vector(std::vector<_Tp, _Alloc>::size_type, const value_type&, const allocator_type&) [with _Tp = short int; _Alloc = std::allocator<short int>]	32	static
allocator.h:138:7:std::allocator< <template-parameter-1-1> >::allocator() [with _Tp = float]	16	static
allocator.h:153:7:std::allocator< <template-parameter-1-1> >::~allocator() [with _Tp = float]	16	static
stl_vector.h:519:7:std::vector<_Tp, _Alloc>::vector(std::vector<_Tp, _Alloc>::size_type, const value_type&, const allocator_type&) [with _Tp = float; _Alloc = std::allocator<float>]	32	static
stl_vector.h:675:7:std::vector<_Tp, _Alloc>::~vector() [with _Tp = float; _Alloc = std::allocator<float>]	24	static
fir_filter.hpp:43:10:void fir_filter<input_t, acc_t>::set_taps_lowpass(float, std::vector<float>&) [with input_t = short int; acc_t = long long int]	48	static
fir_filter.hpp:60:10:void fir_filter<input_t, acc_t>::apply_hamming(std::vector<float>&) [with input_t = short int; acc_t = long long int]	48	static
fir_filter.hpp:68:10:void fir_filter<input_t, acc_t>::scale_to_unity_gain(std::vector<float>&) [with input_t = short int; acc_t = long long int]	56	static
fir_filter.hpp:83:10:void fir_filter<input_t, acc_t>::convert_lowpass_to_highpass(std::vector<float>&) [with input_t = short int; acc_t = long long int]	24	static
stl_vector.h:1040:7:std::vector<_Tp, _Alloc>::reference std::vector<_Tp, _Alloc>::operator[](std::vector<_Tp, _Alloc>::size_type) [with _Tp = short int; _Alloc = std::allocator<short int>]	16	static
stl_vector.h:1040:7:std::vector<_Tp, _Alloc>::reference std::vector<_Tp, _Alloc>::operator[](std::vector<_Tp, _Alloc>::size_type) [with _Tp = float; _Alloc = std::allocator<float>]	16	static
stl_vector.h:125:14:std::_Vector_base<short int, std::allocator<short int> >::_Vector_impl::~_Vector_impl()	16	static
stl_vector.h:330:7:std::_Vector_base<_Tp, _Alloc>::~_Vector_base() [with _Tp = short int; _Alloc = std::allocator<short int>]	16	static
stl_vector.h:273:7:std::_Vector_base<_Tp, _Alloc>::_Tp_alloc_type& std::_Vector_base<_Tp, _Alloc>::_M_get_Tp_allocator() [with _Tp = short int; _Alloc = std::allocator<short int>]	16	static
stl_construct.h:203:5:void std::_Destroy(_ForwardIterator, _ForwardIterator, std::allocator<_T2>&) [with _ForwardIterator = short int*; _Tp = short int]	24	static
stl_vector.h:808:7:std::vector<_Tp, _Alloc>::iterator std::vector<_Tp, _Alloc>::begin() [with _Tp = short int; _Alloc = std::allocator<short int>]	24	static
stl_vector.h:826:7:std::vector<_Tp, _Alloc>::iterator std::vector<_Tp, _Alloc>::end() [with _Tp = short int; _Alloc = std::allocator<short int>]	24	static
stl_algobase.h:742:5:void std::fill(_ForwardIterator, _ForwardIterator, const _Tp&) [with _ForwardIterator = __gnu_cxx::__normal_iterator<short int*, std::vector<short int, std::allocator<short int> > >; _Tp = int]	32	static
stl_iterator.h:907:5:bool __gnu_cxx::operator!=(const __gnu_cxx::__normal_iterator<_Iterator, _Container>&, const __gnu_cxx::__normal_iterator<_Iterator, _Container>&) [with _Iterator = short int*; _Container = std::vector<short int, std::allocator<short int> >]	24	static
stl_iterator.h:827:7:__gnu_cxx::__normal_iterator<_Iterator, _Container>& __gnu_cxx::__normal_iterator<_Iterator, _Container>::operator++() [with _Iterator = short int*; _Container = std::vector<short int, std::allocator<short int> >]	16	static
stl_iterator.h:819:7:__gnu_cxx::__normal_iterator<_Iterator, _Container>::reference __gnu_cxx::__normal_iterator<_Iterator, _Container>::operator*() const [with _Iterator = short int*; _Container = std::vector<short int, std::allocator<short int> >]	16	static
allocator.h:138:7:std::allocator< <template-parameter-1-1> >::allocator() [with _Tp = ei::spectral::processing::freq_peak_t]	16	static
stl_vector.h:94:2:std::_Vector_base<_Tp, _Alloc>::_Vector_impl_data::_Vector_impl_data() [with _Tp = ei::spectral::processing::freq_peak_t; _Alloc = std::allocator<ei::spectral::processing::freq_peak_t>]	16	static
new_allocator.h:89:7:__gnu_cxx::new_allocator<_Tp>::~new_allocator() [with _Tp = ei::spectral::processing::freq_peak_t]	16	static
stl_vector.h:347:7:void std::_Vector_base<_Tp, _Alloc>::_M_deallocate(std::_Vector_base<_Tp, _Alloc>::pointer, std::size_t) [with _Tp = ei::spectral::processing::freq_peak_t; _Alloc = std::allocator<ei::spectral::processing::freq_peak_t>]	24	static
stl_vector.h:273:7:std::_Vector_base<_Tp, _Alloc>::_Tp_alloc_type& std::_Vector_base<_Tp, _Alloc>::_M_get_Tp_allocator() [with _Tp = ei::spectral::processing::freq_peak_t; _Alloc = std::allocator<ei::spectral::processing::freq_peak_t>]	16	static
stl_construct.h:203:5:void std::_Destroy(_ForwardIterator, _ForwardIterator, std::allocator<_T2>&) [with _ForwardIterator = ei::spectral::processing::freq_peak_t*; _Tp = ei::spectral::processing::freq_peak_t]	24	static
alloc_traits.h:482:2:) [with _Up = ei::spectral::processing::freq_peak_t; _Args = {const ei::spectral::processing::freq_peak_t&}; _Tp = ei::spectral::processing::freq_peak_t]	24	static
stl_vector.h:441:7:static constexpr bool std::vector<_Tp, _Alloc>::_S_use_relocate() [with _Tp = ei::spectral::processing::freq_peak_t; _Alloc = std::allocator<ei::spectral::processing::freq_peak_t>]	16	static
stl_vector.h:428:7:static constexpr bool std::vector<_Tp, _Alloc>::_S_nothrow_relocate(std::true_type) [with _Tp = ei::spectral::processing::freq_peak_t; _Alloc = std::allocator<ei::spectral::processing::freq_peak_t>]	16	static
vector.tcc:426:7:) [with _Args = {const ei::spectral::processing::freq_peak_t&}; _Tp = ei::spectral::processing::freq_peak_t; _Alloc = std::allocator<ei::spectral::processing::freq_peak_t>]	64	static
stl_iterator.h:806:7:__gnu_cxx::__normal_iterator<_Iterator, _Container>::__normal_iterator(const _Iterator&) [with _Iterator = ei::spectral::processing::freq_peak_t*; _Container = std::vector<ei::spectral::processing::freq_peak_t>]	16	static
predefined_ops.h:149:5:constexpr __gnu_cxx::__ops::_Iter_comp_iter<_Compare> __gnu_cxx::__ops::__iter_comp_iter(_Compare) [with _Compare = ei::spectral::processing::find_fft_peaks(ei::matrix_t*, ei::matrix_t*, float, float, uint16_t)::<lambda(const ei::spectral::processing::freq_peak_t&, const ei::spectral::processing::freq_peak_t&)>]	32	static
stl_algo.h:1962:5:void std::__sort(_RandomAccessIterator, _RandomAccessIterator, _Compare) [with _RandomAccessIterator = __gnu_cxx::__normal_iterator<ei::spectral::processing::freq_peak_t*, std::vector<ei::spectral::processing::freq_peak_t> >; _Compare = __gnu_cxx::__ops::_Iter_comp_iter<ei::spectral::processing::find_fft_peaks(ei::matrix_t*, ei::matrix_t*, float, float, uint16_t)::<lambda(const ei::spectral::processing::freq_peak_t&, const ei::spectral::processing::freq_peak_t&)> >]	24	static
allocator.h:138:7:std::allocator< <template-parameter-1-1> >::allocator() [with _Tp = ei::spectral::processing::freq_peak_i16_t]	16	static
stl_vector.h:94:2:std::_Vector_base<_Tp, _Alloc>::_Vector_impl_data::_Vector_impl_data() [with _Tp = ei::spectral::processing::freq_peak_i16_t; _Alloc = std::allocator<ei::spectral::processing::freq_peak_i16_t>]	16	static
new_allocator.h:89:7:__gnu_cxx::new_allocator<_Tp>::~new_allocator() [with _Tp = ei::spectral::processing::freq_peak_i16_t]	16	static
stl_vector.h:347:7:void std::_Vector_base<_Tp, _Alloc>::_M_deallocate(std::_Vector_base<_Tp, _Alloc>::pointer, std::size_t) [with _Tp = ei::spectral::processing::freq_peak_i16_t; _Alloc = std::allocator<ei::spectral::processing::freq_peak_i16_t>]	24	static
stl_vector.h:273:7:std::_Vector_base<_Tp, _Alloc>::_Tp_alloc_type& std::_Vector_base<_Tp, _Alloc>::_M_get_Tp_allocator() [with _Tp = ei::spectral::processing::freq_peak_i16_t; _Alloc = std::allocator<ei::spectral::processing::freq_peak_i16_t>]	16	static
stl_construct.h:203:5:void std::_Destroy(_ForwardIterator, _ForwardIterator, std::allocator<_T2>&) [with _ForwardIterator = ei::spectral::processing::freq_peak_i16_t*; _Tp = ei::spectral::processing::freq_peak_i16_t]	24	static
alloc_traits.h:482:2:) [with _Up = ei::spectral::processing::freq_peak_i16_t; _Args = {const ei::spectral::processing::freq_peak_i16_t&}; _Tp = ei::spectral::processing::freq_peak_i16_t]	24	static
stl_vector.h:441:7:static constexpr bool std::vector<_Tp, _Alloc>::_S_use_relocate() [with _Tp = ei::spectral::processing::freq_peak_i16_t; _Alloc = std::allocator<ei::spectral::processing::freq_peak_i16_t>]	16	static
stl_vector.h:428:7:static constexpr bool std::vector<_Tp, _Alloc>::_S_nothrow_relocate(std::true_type) [with _Tp = ei::spectral::processing::freq_peak_i16_t; _Alloc = std::allocator<ei::spectral::processing::freq_peak_i16_t>]	16	static
vector.tcc:426:7:) [with _Args = {const ei::spectral::processing::freq_peak_i16_t&}; _Tp = ei::spectral::processing::freq_peak_i16_t; _Alloc = std::allocator<ei::spectral::processing::freq_peak_i16_t>]	64	static
stl_iterator.h:806:7:__gnu_cxx::__normal_iterator<_Iterator, _Container>::__normal_iterator(const _Iterator&) [with _Iterator = ei::spectral::processing::freq_peak_i16_t*; _Container = std::vector<ei::spectral::processing::freq_peak_i16_t>]	16	static
predefined_ops.h:149:5:constexpr __gnu_cxx::__ops::_Iter_comp_iter<_Compare> __gnu_cxx::__ops::__iter_comp_iter(_Compare) [with _Compare = ei::spectral::processing::find_fft_peaks(ei::matrix_i16_t*, ei::matrix_i16_t*, float, float, uint16_t)::<lambda(const ei::spectral::processing::freq_peak_i16_t&, const ei::spectral::processing::freq_peak_i16_t&)>]	32	static
stl_algo.h:1962:5:void std::__sort(_RandomAccessIterator, _RandomAccessIterator, _Compare) [with _RandomAccessIterator = __gnu_cxx::__normal_iterator<ei::spectral::processing::freq_peak_i16_t*, std::vector<ei::spectral::processing::freq_peak_i16_t> >; _Compare = __gnu_cxx::__ops::_Iter_comp_iter<ei::spectral::processing::find_fft_peaks(ei::matrix_i16_t*, ei::matrix_i16_t*, float, float, uint16_t)::<lambda(const ei::spectral::processing::freq_peak_i16_t&, const ei::spectral::processing::freq_peak_i16_t&)> >]	24	static
allocator.h:138:7:std::allocator< <template-parameter-1-1> >::allocator() [with _Tp = ei::spectral::processing::freq_peak_i32_t]	16	static
stl_vector.h:94:2:std::_Vector_base<_Tp, _Alloc>::_Vector_impl_data::_Vector_impl_data() [with _Tp = ei::spectral::processing::freq_peak_i32_t; _Alloc = std::allocator<ei::spectral::processing::freq_peak_i32_t>]	16	static
new_allocator.h:89:7:__gnu_cxx::new_allocator<_Tp>::~new_allocator() [with _Tp = ei::spectral::processing::freq_peak_i32_t]	16	static
stl_vector.h:347:7:void std::_Vector_base<_Tp, _Alloc>::_M_deallocate(std::_Vector_base<_Tp, _Alloc>::pointer, std::size_t) [with _Tp = ei::spectral::processing::freq_peak_i32_t; _Alloc = std::allocator<ei::spectral::processing::freq_peak_i32_t>]	24	static
stl_vector.h:273:7:std::_Vector_base<_Tp, _Alloc>::_Tp_alloc_type& std::_Vector_base<_Tp, _Alloc>::_M_get_Tp_allocator() [with _Tp = ei::spectral::processing::freq_peak_i32_t; _Alloc = std::allocator<ei::spectral::processing::freq_peak_i32_t>]	16	static
stl_construct.h:203:5:void std::_Destroy(_ForwardIterator, _ForwardIterator, std::allocator<_T2>&) [with _ForwardIterator = ei::spectral::processing::freq_peak_i32_t*; _Tp = ei::spectral::processing::freq_peak_i32_t]	24	static
alloc_traits.h:482:2:) [with _Up = ei::spectral::processing::freq_peak_i32_t; _Args = {const ei::spectral::processing::freq_peak_i32_t&}; _Tp = ei::spectral::processing::freq_peak_i32_t]	24	static
stl_vector.h:441:7:static constexpr bool std::vector<_Tp, _Alloc>::_S_use_relocate() [with _Tp = ei::spectral::processing::freq_peak_i32_t; _Alloc = std::allocator<ei::spectral::processing::freq_peak_i32_t>]	16	static
stl_vector.h:428:7:static constexpr bool std::vector<_Tp, _Alloc>::_S_nothrow_relocate(std::true_type) [with _Tp = ei::spectral::processing::freq_peak_i32_t; _Alloc = std::allocator<ei::spectral::processing::freq_peak_i32_t>]	16	static
vector.tcc:426:7:) [with _Args = {const ei::spectral::processing::freq_peak_i32_t&}; _Tp = ei::spectral::processing::freq_peak_i32_t; _Alloc = std::allocator<ei::spectral::processing::freq_peak_i32_t>]	64	static
stl_iterator.h:806:7:__gnu_cxx::__normal_iterator<_Iterator, _Container>::__normal_iterator(const _Iterator&) [with _Iterator = ei::spectral::processing::freq_peak_i32_t*; _Container = std::vector<ei::spectral::processing::freq_peak_i32_t>]	16	static
predefined_ops.h:149:5:constexpr __gnu_cxx::__ops::_Iter_comp_iter<_Compare> __gnu_cxx::__ops::__iter_comp_iter(_Compare) [with _Compare = ei::spectral::processing::find_fft_peaks(ei::matrix_i32_t*, ei::matrix_i32_t*, float, float, uint16_t)::<lambda(const ei::spectral::processing::freq_peak_i32_t&, const ei::spectral::processing::freq_peak_i32_t&)>]	32	static
stl_algo.h:1962:5:void std::__sort(_RandomAccessIterator, _RandomAccessIterator, _Compare) [with _RandomAccessIterator = __gnu_cxx::__normal_iterator<ei::spectral::processing::freq_peak_i32_t*, std::vector<ei::spectral::processing::freq_peak_i32_t> >; _Compare = __gnu_cxx::__ops::_Iter_comp_iter<ei::spectral::processing::find_fft_peaks(ei::matrix_i32_t*, ei::matrix_i32_t*, float, float, uint16_t)::<lambda(const ei::spectral::processing::freq_peak_i32_t&, const ei::spectral::processing::freq_peak_i32_t&)> >]	24	static
stl_vector.h:273:7:std::_Vector_base<_Tp, _Alloc>::_Tp_alloc_type& std::_Vector_base<_Tp, _Alloc>::_M_get_Tp_allocator() [with _Tp = long unsigned int; _Alloc = std::allocator<long unsigned int>]	16	static
stl_construct.h:203:5:void std::_Destroy(_ForwardIterator, _ForwardIterator, std::allocator<_T2>&) [with _ForwardIterator = long unsigned int*; _Tp = long unsigned int]	24	static
allocator.h:138:7:std::allocator< <template-parameter-1-1> >::allocator() [with _Tp = long unsigned int]	16	static
stl_vector.h:94:2:std::_Vector_base<_Tp, _Alloc>::_Vector_impl_data::_Vector_impl_data() [with _Tp = long unsigned int; _Alloc = std::allocator<long unsigned int>]	16	static
new_allocator.h:89:7:__gnu_cxx::new_allocator<_Tp>::~new_allocator() [with _Tp = long unsigned int]	16	static
stl_vector.h:347:7:void std::_Vector_base<_Tp, _Alloc>::_M_deallocate(std::_Vector_base<_Tp, _Alloc>::pointer, std::size_t) [with _Tp = long unsigned int; _Alloc = std::allocator<long unsigned int>]	24	static
move.h:99:5:constexpr typename std::remove_reference<_Tp>::type&& std::move(_Tp&&) [with _Tp = long unsigned int&]	16	static
vector.tcc:109:7:) [with _Args = {long unsigned int}; _Tp = long unsigned int; _Alloc = std::allocator<long unsigned int>]	24	static
stl_vector.h:1067:7:void std::vector<_Tp, _Alloc>::_M_range_check(std::vector<_Tp, _Alloc>::size_type) const [with _Tp = long unsigned int; _Alloc = std::allocator<long unsigned int>]	16	static
stl_vector.h:1040:7:std::vector<_Tp, _Alloc>::reference std::vector<_Tp, _Alloc>::operator[](std::vector<_Tp, _Alloc>::size_type) [with _Tp = long unsigned int; _Alloc = std::allocator<long unsigned int>]	16	static
move.h:74:5:constexpr _Tp&& std::forward(typename std::remove_reference<_Tp>::type&) [with _Tp = short int*]	16	static
move.h:74:5:constexpr _Tp&& std::forward(typename std::remove_reference<_Tp>::type&) [with _Tp = int (*)(unsigned int, unsigned int, float*)]	16	static
std_function.h:667:7:)>::function(_Functor) [with _Functor = int (*)(unsigned int, unsigned int, float*); <template-parameter-2-2> = void; <template-parameter-2-3> = void; _Res = int; _ArgTypes = {unsigned int, unsigned int, float*}]	24	static
std_function.h:242:4:static bool std::_Function_base::_Base_manager<_Functor>::_M_not_empty_function(const _Tp&) [with _Tp = ei::numpy::signal_from_buffer(float*, size_t, ei::signal_t*)::<lambda(size_t, size_t, float*)>; _Functor = ei::numpy::signal_from_buffer(float*, size_t, ei::signal_t*)::<lambda(size_t, size_t, float*)>]	16	static
move.h:99:5:constexpr typename std::remove_reference<_Tp>::type&& std::move(_Tp&&) [with _Tp = ei::numpy::signal_from_buffer(float*, size_t, ei::signal_t*)::<lambda(size_t, size_t, float*)>&]	16	static
std_function.h:222:2:static void std::_Function_base::_Base_manager<_Functor>::_M_init_functor(std::_Any_data&, _Functor&&) [with _Functor = ei::numpy::signal_from_buffer(float*, size_t, ei::signal_t*)::<lambda(size_t, size_t, float*)>]	32	static
std_function.h:283:7:) [with _Res = int; _Functor = ei::numpy::signal_from_buffer(float*, size_t, ei::signal_t*)::<lambda(size_t, size_t, float*)>; _ArgTypes = {unsigned int, unsigned int, float*}]	40	static
std_function.h:196:2:static bool std::_Function_base::_Base_manager<_Functor>::_M_manager(std::_Any_data&, const std::_Any_data&, std::_Manager_operation) [with _Functor = ei::numpy::signal_from_buffer(float*, size_t, ei::signal_t*)::<lambda(size_t, size_t, float*)>]	40	static
move.h:99:5:constexpr typename std::remove_reference<_Tp>::type&& std::move(_Tp&&) [with _Tp = std::_Any_data&]	16	static
move.h:182:5:typename std::enable_if<std::__and_<std::__not_<std::__is_tuple_like<_Tp> >, std::is_move_constructible<_Tp>, std::is_move_assignable<_Tp> >::value>::type std::swap(_Tp&, _Tp&) [with _Tp = std::_Any_data]	24	static
move.h:99:5:constexpr typename std::remove_reference<_Tp>::type&& std::move(_Tp&&) [with _Tp = bool (*&)(std::_Any_data&, const std::_Any_data&, std::_Manager_operation)]	16	static
move.h:182:5:typename std::enable_if<std::__and_<std::__not_<std::__is_tuple_like<_Tp> >, std::is_move_constructible<_Tp>, std::is_move_assignable<_Tp> >::value>::type std::swap(_Tp&, _Tp&) [with _Tp = bool (*)(std::_Any_data&, const std::_Any_data&, std::_Manager_operation)]	24	static
move.h:99:5:constexpr typename std::remove_reference<_Tp>::type&& std::move(_Tp&&) [with _Tp = int (*&)(const std::_Any_data&, unsigned int&&, unsigned int&&, float*&&)]	16	static
move.h:182:5:typename std::enable_if<std::__and_<std::__not_<std::__is_tuple_like<_Tp> >, std::is_move_constructible<_Tp>, std::is_move_assignable<_Tp> >::value>::type std::swap(_Tp&, _Tp&) [with _Tp = int (*)(const std::_Any_data&, unsigned int&&, unsigned int&&, float*&&)]	24	static
new_allocator.h:80:7:__gnu_cxx::new_allocator<_Tp>::new_allocator() [with _Tp = short int]	16	static
new_allocator.h:89:7:__gnu_cxx::new_allocator<_Tp>::~new_allocator() [with _Tp = short int]	16	static
stl_vector.h:1764:7:static std::vector<_Tp, _Alloc>::size_type std::vector<_Tp, _Alloc>::_S_check_init_len(std::vector<_Tp, _Alloc>::size_type, const allocator_type&) [with _Tp = short int; _Alloc = std::allocator<short int>]	32	static
stl_vector.h:300:7:std::_Vector_base<_Tp, _Alloc>::_Vector_base(std::size_t, const allocator_type&) [with _Tp = short int; _Alloc = std::allocator<short int>]	24	static
stl_vector.h:1600:7:void std::vector<_Tp, _Alloc>::_M_default_initialize(std::vector<_Tp, _Alloc>::size_type) [with _Tp = short int; _Alloc = std::allocator<short int>]	24	static
stl_vector.h:1590:7:void std::vector<_Tp, _Alloc>::_M_fill_initialize(std::vector<_Tp, _Alloc>::size_type, const value_type&) [with _Tp = short int; _Alloc = std::allocator<short int>]	32	static
new_allocator.h:80:7:__gnu_cxx::new_allocator<_Tp>::new_allocator() [with _Tp = float]	16	static
new_allocator.h:89:7:__gnu_cxx::new_allocator<_Tp>::~new_allocator() [with _Tp = float]	16	static
stl_vector.h:1764:7:static std::vector<_Tp, _Alloc>::size_type std::vector<_Tp, _Alloc>::_S_check_init_len(std::vector<_Tp, _Alloc>::size_type, const allocator_type&) [with _Tp = float; _Alloc = std::allocator<float>]	32	static
stl_vector.h:125:14:std::_Vector_base<float, std::allocator<float> >::_Vector_impl::~_Vector_impl()	16	static
stl_vector.h:300:7:std::_Vector_base<_Tp, _Alloc>::_Vector_base(std::size_t, const allocator_type&) [with _Tp = float; _Alloc = std::allocator<float>]	24	static
stl_vector.h:330:7:std::_Vector_base<_Tp, _Alloc>::~_Vector_base() [with _Tp = float; _Alloc = std::allocator<float>]	16	static
stl_vector.h:1590:7:void std::vector<_Tp, _Alloc>::_M_fill_initialize(std::vector<_Tp, _Alloc>::size_type, const value_type&) [with _Tp = float; _Alloc = std::allocator<float>]	32	static
stl_vector.h:273:7:std::_Vector_base<_Tp, _Alloc>::_Tp_alloc_type& std::_Vector_base<_Tp, _Alloc>::_M_get_Tp_allocator() [with _Tp = float; _Alloc = std::allocator<float>]	16	static
stl_construct.h:203:5:void std::_Destroy(_ForwardIterator, _ForwardIterator, std::allocator<_T2>&) [with _ForwardIterator = float*; _Tp = float]	24	static
stl_vector.h:808:7:std::vector<_Tp, _Alloc>::iterator std::vector<_Tp, _Alloc>::begin() [with _Tp = float; _Alloc = std::allocator<float>]	24	static
stl_vector.h:826:7:std::vector<_Tp, _Alloc>::iterator std::vector<_Tp, _Alloc>::end() [with _Tp = float; _Alloc = std::allocator<float>]	24	static
stl_iterator.h:907:5:bool __gnu_cxx::operator!=(const __gnu_cxx::__normal_iterator<_Iterator, _Container>&, const __gnu_cxx::__normal_iterator<_Iterator, _Container>&) [with _Iterator = float*; _Container = std::vector<float>]	24	static
stl_iterator.h:827:7:__gnu_cxx::__normal_iterator<_Iterator, _Container>& __gnu_cxx::__normal_iterator<_Iterator, _Container>::operator++() [with _Iterator = float*; _Container = std::vector<float>]	16	static
stl_iterator.h:819:7:__gnu_cxx::__normal_iterator<_Iterator, _Container>::reference __gnu_cxx::__normal_iterator<_Iterator, _Container>::operator*() const [with _Iterator = float*; _Container = std::vector<float>]	16	static
stl_vector.h:915:7:std::vector<_Tp, _Alloc>::size_type std::vector<_Tp, _Alloc>::size() const [with _Tp = float; _Alloc = std::allocator<float>]	16	static
stl_vector.h:347:7:void std::_Vector_base<_Tp, _Alloc>::_M_deallocate(std::_Vector_base<_Tp, _Alloc>::pointer, std::size_t) [with _Tp = short int; _Alloc = std::allocator<short int>]	24	static
stl_construct.h:127:5:void std::_Destroy(_ForwardIterator, _ForwardIterator) [with _ForwardIterator = short int*]	16	static
stl_iterator.h:806:7:__gnu_cxx::__normal_iterator<_Iterator, _Container>::__normal_iterator(const _Iterator&) [with _Iterator = short int*; _Container = std::vector<short int, std::allocator<short int> >]	16	static
stl_iterator.h:1010:5:_Iterator std::__niter_base(__gnu_cxx::__normal_iterator<_Iterator, _Container>) [with _Iterator = short int*; _Container = std::vector<short int, std::allocator<short int> >]	16	static
stl_algobase.h:709:5:typename __gnu_cxx::__enable_if<std::__is_scalar<_Tp>::__value, void>::__type std::__fill_a(_ForwardIterator, _ForwardIterator, const _Tp&) [with _ForwardIterator = short int*; _Tp = int]	32	static
stl_iterator.h:871:7:const _Iterator& __gnu_cxx::__normal_iterator<_Iterator, _Container>::base() const [with _Iterator = short int*; _Container = std::vector<short int, std::allocator<short int> >]	16	static
new_allocator.h:80:7:__gnu_cxx::new_allocator<_Tp>::new_allocator() [with _Tp = ei::spectral::processing::freq_peak_t]	16	static
alloc_traits.h:469:7:static void std::allocator_traits<std::allocator<_CharT> >::deallocate(std::allocator_traits<std::allocator<_CharT> >::allocator_type&, std::allocator_traits<std::allocator<_CharT> >::pointer, std::allocator_traits<std::allocator<_CharT> >::size_type) [with _Tp = ei::spectral::processing::freq_peak_t]	24	static
stl_construct.h:127:5:void std::_Destroy(_ForwardIterator, _ForwardIterator) [with _ForwardIterator = ei::spectral::processing::freq_peak_t*]	16	static
move.h:74:5:constexpr _Tp&& std::forward(typename std::remove_reference<_Tp>::type&) [with _Tp = const ei::spectral::processing::freq_peak_t&]	16	static
new_allocator.h:144:2:) [with _Up = ei::spectral::processing::freq_peak_t; _Args = {const ei::spectral::processing::freq_peak_t&}; _Tp = ei::spectral::processing::freq_peak_t]	32	static
stl_vector.h:1753:7:std::vector<_Tp, _Alloc>::size_type std::vector<_Tp, _Alloc>::_M_check_len(std::vector<_Tp, _Alloc>::size_type, const char*) const [with _Tp = ei::spectral::processing::freq_peak_t; _Alloc = std::allocator<ei::spectral::processing::freq_peak_t>]	40	static
stl_iterator.h:989:5:typename __gnu_cxx::__normal_iterator<_Iterator, _Container>::difference_type __gnu_cxx::operator-(const __gnu_cxx::__normal_iterator<_Iterator, _Container>&, const __gnu_cxx::__normal_iterator<_Iterator, _Container>&) [with _Iterator = ei::spectral::processing::freq_peak_t*; _Container = std::vector<ei::spectral::processing::freq_peak_t>]	24	static
stl_vector.h:340:7:std::_Vector_base<_Tp, _Alloc>::pointer std::_Vector_base<_Tp, _Alloc>::_M_allocate(std::size_t) [with _Tp = ei::spectral::processing::freq_peak_t; _Alloc = std::allocator<ei::spectral::processing::freq_peak_t>]	16	static
stl_vector.h:462:7:static std::vector<_Tp, _Alloc>::pointer std::vector<_Tp, _Alloc>::_S_relocate(std::vector<_Tp, _Alloc>::pointer, std::vector<_Tp, _Alloc>::pointer, std::vector<_Tp, _Alloc>::pointer, std::vector<_Tp, _Alloc>::_Tp_alloc_type&) [with _Tp = ei::spectral::processing::freq_peak_t; _Alloc = std::allocator<ei::spectral::processing::freq_peak_t>]	48	static
stl_iterator.h:871:7:const _Iterator& __gnu_cxx::__normal_iterator<_Iterator, _Container>::base() const [with _Iterator = ei::spectral::processing::freq_peak_t*; _Container = std::vector<ei::spectral::processing::freq_peak_t>]	16	static
stl_uninitialized.h:323:5:_ForwardIterator std::__uninitialized_move_if_noexcept_a(_InputIterator, _InputIterator, _ForwardIterator, _Allocator&) [with _InputIterator = ei::spectral::processing::freq_peak_t*; _ForwardIterator = ei::spectral::processing::freq_peak_t*; _Allocator = std::allocator<ei::spectral::processing::freq_peak_t>]	32	static
move.h:99:5:constexpr typename std::remove_reference<_Tp>::type&& std::move(_Tp&&) [with _Tp = ei::spectral::processing::find_fft_peaks(ei::matrix_t*, ei::matrix_t*, float, float, uint16_t)::<lambda(const ei::spectral::processing::freq_peak_t&, const ei::spectral::processing::freq_peak_t&)>&]	16	static
predefined_ops.h:135:7:constexpr __gnu_cxx::__ops::_Iter_comp_iter<_Compare>::_Iter_comp_iter(_Compare) [with _Compare = ei::spectral::processing::find_fft_peaks(ei::matrix_t*, ei::matrix_t*, float, float, uint16_t)::<lambda(const ei::spectral::processing::freq_peak_t&, const ei::spectral::processing::freq_peak_t&)>]	16	static
stl_iterator.h:907:5:bool __gnu_cxx::operator!=(const __gnu_cxx::__normal_iterator<_Iterator, _Container>&, const __gnu_cxx::__normal_iterator<_Iterator, _Container>&) [with _Iterator = ei::spectral::processing::freq_peak_t*; _Container = std::vector<ei::spectral::processing::freq_peak_t>]	24	static
stl_algo.h:1939:5:void std::__introsort_loop(_RandomAccessIterator, _RandomAccessIterator, _Size, _Compare) [with _RandomAccessIterator = __gnu_cxx::__normal_iterator<ei::spectral::processing::freq_peak_t*, std::vector<ei::spectral::processing::freq_peak_t> >; _Size = int; _Compare = __gnu_cxx::__ops::_Iter_comp_iter<ei::spectral::processing::find_fft_peaks(ei::matrix_t*, ei::matrix_t*, float, float, uint16_t)::<lambda(const ei::spectral::processing::freq_peak_t&, const ei::spectral::processing::freq_peak_t&)> >]	32	static
stl_algo.h:1879:5:void std::__final_insertion_sort(_RandomAccessIterator, _RandomAccessIterator, _Compare) [with _RandomAccessIterator = __gnu_cxx::__normal_iterator<ei::spectral::processing::freq_peak_t*, std::vector<ei::spectral::processing::freq_peak_t> >; _Compare = __gnu_cxx::__ops::_Iter_comp_iter<ei::spectral::processing::find_fft_peaks(ei::matrix_t*, ei::matrix_t*, float, float, uint16_t)::<lambda(const ei::spectral::processing::freq_peak_t&, const ei::spectral::processing::freq_peak_t&)> >]	24	static
new_allocator.h:80:7:__gnu_cxx::new_allocator<_Tp>::new_allocator() [with _Tp = ei::spectral::processing::freq_peak_i16_t]	16	static
alloc_traits.h:469:7:static void std::allocator_traits<std::allocator<_CharT> >::deallocate(std::allocator_traits<std::allocator<_CharT> >::allocator_type&, std::allocator_traits<std::allocator<_CharT> >::pointer, std::allocator_traits<std::allocator<_CharT> >::size_type) [with _Tp = ei::spectral::processing::freq_peak_i16_t]	24	static
stl_construct.h:127:5:void std::_Destroy(_ForwardIterator, _ForwardIterator) [with _ForwardIterator = ei::spectral::processing::freq_peak_i16_t*]	16	static
move.h:74:5:constexpr _Tp&& std::forward(typename std::remove_reference<_Tp>::type&) [with _Tp = const ei::spectral::processing::freq_peak_i16_t&]	16	static
new_allocator.h:144:2:) [with _Up = ei::spectral::processing::freq_peak_i16_t; _Args = {const ei::spectral::processing::freq_peak_i16_t&}; _Tp = ei::spectral::processing::freq_peak_i16_t]	32	static
stl_vector.h:1753:7:std::vector<_Tp, _Alloc>::size_type std::vector<_Tp, _Alloc>::_M_check_len(std::vector<_Tp, _Alloc>::size_type, const char*) const [with _Tp = ei::spectral::processing::freq_peak_i16_t; _Alloc = std::allocator<ei::spectral::processing::freq_peak_i16_t>]	40	static
stl_iterator.h:989:5:typename __gnu_cxx::__normal_iterator<_Iterator, _Container>::difference_type __gnu_cxx::operator-(const __gnu_cxx::__normal_iterator<_Iterator, _Container>&, const __gnu_cxx::__normal_iterator<_Iterator, _Container>&) [with _Iterator = ei::spectral::processing::freq_peak_i16_t*; _Container = std::vector<ei::spectral::processing::freq_peak_i16_t>]	24	static
stl_vector.h:340:7:std::_Vector_base<_Tp, _Alloc>::pointer std::_Vector_base<_Tp, _Alloc>::_M_allocate(std::size_t) [with _Tp = ei::spectral::processing::freq_peak_i16_t; _Alloc = std::allocator<ei::spectral::processing::freq_peak_i16_t>]	16	static
stl_vector.h:462:7:static std::vector<_Tp, _Alloc>::pointer std::vector<_Tp, _Alloc>::_S_relocate(std::vector<_Tp, _Alloc>::pointer, std::vector<_Tp, _Alloc>::pointer, std::vector<_Tp, _Alloc>::pointer, std::vector<_Tp, _Alloc>::_Tp_alloc_type&) [with _Tp = ei::spectral::processing::freq_peak_i16_t; _Alloc = std::allocator<ei::spectral::processing::freq_peak_i16_t>]	48	static
stl_iterator.h:871:7:const _Iterator& __gnu_cxx::__normal_iterator<_Iterator, _Container>::base() const [with _Iterator = ei::spectral::processing::freq_peak_i16_t*; _Container = std::vector<ei::spectral::processing::freq_peak_i16_t>]	16	static
stl_uninitialized.h:323:5:_ForwardIterator std::__uninitialized_move_if_noexcept_a(_InputIterator, _InputIterator, _ForwardIterator, _Allocator&) [with _InputIterator = ei::spectral::processing::freq_peak_i16_t*; _ForwardIterator = ei::spectral::processing::freq_peak_i16_t*; _Allocator = std::allocator<ei::spectral::processing::freq_peak_i16_t>]	32	static
move.h:99:5:constexpr typename std::remove_reference<_Tp>::type&& std::move(_Tp&&) [with _Tp = ei::spectral::processing::find_fft_peaks(ei::matrix_i16_t*, ei::matrix_i16_t*, float, float, uint16_t)::<lambda(const ei::spectral::processing::freq_peak_i16_t&, const ei::spectral::processing::freq_peak_i16_t&)>&]	16	static
predefined_ops.h:135:7:constexpr __gnu_cxx::__ops::_Iter_comp_iter<_Compare>::_Iter_comp_iter(_Compare) [with _Compare = ei::spectral::processing::find_fft_peaks(ei::matrix_i16_t*, ei::matrix_i16_t*, float, float, uint16_t)::<lambda(const ei::spectral::processing::freq_peak_i16_t&, const ei::spectral::processing::freq_peak_i16_t&)>]	16	static
stl_iterator.h:907:5:bool __gnu_cxx::operator!=(const __gnu_cxx::__normal_iterator<_Iterator, _Container>&, const __gnu_cxx::__normal_iterator<_Iterator, _Container>&) [with _Iterator = ei::spectral::processing::freq_peak_i16_t*; _Container = std::vector<ei::spectral::processing::freq_peak_i16_t>]	24	static
stl_algo.h:1939:5:void std::__introsort_loop(_RandomAccessIterator, _RandomAccessIterator, _Size, _Compare) [with _RandomAccessIterator = __gnu_cxx::__normal_iterator<ei::spectral::processing::freq_peak_i16_t*, std::vector<ei::spectral::processing::freq_peak_i16_t> >; _Size = int; _Compare = __gnu_cxx::__ops::_Iter_comp_iter<ei::spectral::processing::find_fft_peaks(ei::matrix_i16_t*, ei::matrix_i16_t*, float, float, uint16_t)::<lambda(const ei::spectral::processing::freq_peak_i16_t&, const ei::spectral::processing::freq_peak_i16_t&)> >]	32	static
stl_algo.h:1879:5:void std::__final_insertion_sort(_RandomAccessIterator, _RandomAccessIterator, _Compare) [with _RandomAccessIterator = __gnu_cxx::__normal_iterator<ei::spectral::processing::freq_peak_i16_t*, std::vector<ei::spectral::processing::freq_peak_i16_t> >; _Compare = __gnu_cxx::__ops::_Iter_comp_iter<ei::spectral::processing::find_fft_peaks(ei::matrix_i16_t*, ei::matrix_i16_t*, float, float, uint16_t)::<lambda(const ei::spectral::processing::freq_peak_i16_t&, const ei::spectral::processing::freq_peak_i16_t&)> >]	24	static
new_allocator.h:80:7:__gnu_cxx::new_allocator<_Tp>::new_allocator() [with _Tp = ei::spectral::processing::freq_peak_i32_t]	16	static
alloc_traits.h:469:7:static void std::allocator_traits<std::allocator<_CharT> >::deallocate(std::allocator_traits<std::allocator<_CharT> >::allocator_type&, std::allocator_traits<std::allocator<_CharT> >::pointer, std::allocator_traits<std::allocator<_CharT> >::size_type) [with _Tp = ei::spectral::processing::freq_peak_i32_t]	24	static
stl_construct.h:127:5:void std::_Destroy(_ForwardIterator, _ForwardIterator) [with _ForwardIterator = ei::spectral::processing::freq_peak_i32_t*]	16	static
move.h:74:5:constexpr _Tp&& std::forward(typename std::remove_reference<_Tp>::type&) [with _Tp = const ei::spectral::processing::freq_peak_i32_t&]	16	static
new_allocator.h:144:2:) [with _Up = ei::spectral::processing::freq_peak_i32_t; _Args = {const ei::spectral::processing::freq_peak_i32_t&}; _Tp = ei::spectral::processing::freq_peak_i32_t]	32	static
stl_vector.h:1753:7:std::vector<_Tp, _Alloc>::size_type std::vector<_Tp, _Alloc>::_M_check_len(std::vector<_Tp, _Alloc>::size_type, const char*) const [with _Tp = ei::spectral::processing::freq_peak_i32_t; _Alloc = std::allocator<ei::spectral::processing::freq_peak_i32_t>]	40	static
stl_iterator.h:989:5:typename __gnu_cxx::__normal_iterator<_Iterator, _Container>::difference_type __gnu_cxx::operator-(const __gnu_cxx::__normal_iterator<_Iterator, _Container>&, const __gnu_cxx::__normal_iterator<_Iterator, _Container>&) [with _Iterator = ei::spectral::processing::freq_peak_i32_t*; _Container = std::vector<ei::spectral::processing::freq_peak_i32_t>]	24	static
stl_vector.h:340:7:std::_Vector_base<_Tp, _Alloc>::pointer std::_Vector_base<_Tp, _Alloc>::_M_allocate(std::size_t) [with _Tp = ei::spectral::processing::freq_peak_i32_t; _Alloc = std::allocator<ei::spectral::processing::freq_peak_i32_t>]	16	static
stl_vector.h:462:7:static std::vector<_Tp, _Alloc>::pointer std::vector<_Tp, _Alloc>::_S_relocate(std::vector<_Tp, _Alloc>::pointer, std::vector<_Tp, _Alloc>::pointer, std::vector<_Tp, _Alloc>::pointer, std::vector<_Tp, _Alloc>::_Tp_alloc_type&) [with _Tp = ei::spectral::processing::freq_peak_i32_t; _Alloc = std::allocator<ei::spectral::processing::freq_peak_i32_t>]	48	static
stl_iterator.h:871:7:const _Iterator& __gnu_cxx::__normal_iterator<_Iterator, _Container>::base() const [with _Iterator = ei::spectral::processing::freq_peak_i32_t*; _Container = std::vector<ei::spectral::processing::freq_peak_i32_t>]	16	static
stl_uninitialized.h:323:5:_ForwardIterator std::__uninitialized_move_if_noexcept_a(_InputIterator, _InputIterator, _ForwardIterator, _Allocator&) [with _InputIterator = ei::spectral::processing::freq_peak_i32_t*; _ForwardIterator = ei::spectral::processing::freq_peak_i32_t*; _Allocator = std::allocator<ei::spectral::processing::freq_peak_i32_t>]	32	static
move.h:99:5:constexpr typename std::remove_reference<_Tp>::type&& std::move(_Tp&&) [with _Tp = ei::spectral::processing::find_fft_peaks(ei::matrix_i32_t*, ei::matrix_i32_t*, float, float, uint16_t)::<lambda(const ei::spectral::processing::freq_peak_i32_t&, const ei::spectral::processing::freq_peak_i32_t&)>&]	16	static
predefined_ops.h:135:7:constexpr __gnu_cxx::__ops::_Iter_comp_iter<_Compare>::_Iter_comp_iter(_Compare) [with _Compare = ei::spectral::processing::find_fft_peaks(ei::matrix_i32_t*, ei::matrix_i32_t*, float, float, uint16_t)::<lambda(const ei::spectral::processing::freq_peak_i32_t&, const ei::spectral::processing::freq_peak_i32_t&)>]	16	static
stl_iterator.h:907:5:bool __gnu_cxx::operator!=(const __gnu_cxx::__normal_iterator<_Iterator, _Container>&, const __gnu_cxx::__normal_iterator<_Iterator, _Container>&) [with _Iterator = ei::spectral::processing::freq_peak_i32_t*; _Container = std::vector<ei::spectral::processing::freq_peak_i32_t>]	24	static
stl_algo.h:1939:5:void std::__introsort_loop(_RandomAccessIterator, _RandomAccessIterator, _Size, _Compare) [with _RandomAccessIterator = __gnu_cxx::__normal_iterator<ei::spectral::processing::freq_peak_i32_t*, std::vector<ei::spectral::processing::freq_peak_i32_t> >; _Size = int; _Compare = __gnu_cxx::__ops::_Iter_comp_iter<ei::spectral::processing::find_fft_peaks(ei::matrix_i32_t*, ei::matrix_i32_t*, float, float, uint16_t)::<lambda(const ei::spectral::processing::freq_peak_i32_t&, const ei::spectral::processing::freq_peak_i32_t&)> >]	32	static
stl_algo.h:1879:5:void std::__final_insertion_sort(_RandomAccessIterator, _RandomAccessIterator, _Compare) [with _RandomAccessIterator = __gnu_cxx::__normal_iterator<ei::spectral::processing::freq_peak_i32_t*, std::vector<ei::spectral::processing::freq_peak_i32_t> >; _Compare = __gnu_cxx::__ops::_Iter_comp_iter<ei::spectral::processing::find_fft_peaks(ei::matrix_i32_t*, ei::matrix_i32_t*, float, float, uint16_t)::<lambda(const ei::spectral::processing::freq_peak_i32_t&, const ei::spectral::processing::freq_peak_i32_t&)> >]	24	static
stl_construct.h:127:5:void std::_Destroy(_ForwardIterator, _ForwardIterator) [with _ForwardIterator = long unsigned int*]	16	static
new_allocator.h:80:7:__gnu_cxx::new_allocator<_Tp>::new_allocator() [with _Tp = long unsigned int]	16	static
alloc_traits.h:469:7:static void std::allocator_traits<std::allocator<_CharT> >::deallocate(std::allocator_traits<std::allocator<_CharT> >::allocator_type&, std::allocator_traits<std::allocator<_CharT> >::pointer, std::allocator_traits<std::allocator<_CharT> >::size_type) [with _Tp = long unsigned int]	24	static
move.h:74:5:constexpr _Tp&& std::forward(typename std::remove_reference<_Tp>::type&) [with _Tp = long unsigned int]	16	static
alloc_traits.h:482:2:) [with _Up = long unsigned int; _Args = {long unsigned int}; _Tp = long unsigned int]	24	static
stl_vector.h:826:7:std::vector<_Tp, _Alloc>::iterator std::vector<_Tp, _Alloc>::end() [with _Tp = long unsigned int; _Alloc = std::allocator<long unsigned int>]	24	static
stl_vector.h:441:7:static constexpr bool std::vector<_Tp, _Alloc>::_S_use_relocate() [with _Tp = long unsigned int; _Alloc = std::allocator<long unsigned int>]	16	static
stl_vector.h:428:7:static constexpr bool std::vector<_Tp, _Alloc>::_S_nothrow_relocate(std::true_type) [with _Tp = long unsigned int; _Alloc = std::allocator<long unsigned int>]	16	static
vector.tcc:426:7:) [with _Args = {long unsigned int}; _Tp = long unsigned int; _Alloc = std::allocator<long unsigned int>]	64	static
std_function.h:232:4:static bool std::_Function_base::_Base_manager<_Functor>::_M_not_empty_function(_Tp*) [with _Tp = int(unsigned int, unsigned int, float*); _Functor = int (*)(unsigned int, unsigned int, float*)]	16	static
move.h:99:5:constexpr typename std::remove_reference<_Tp>::type&& std::move(_Tp&&) [with _Tp = int (*&)(unsigned int, unsigned int, float*)]	16	static
std_function.h:222:2:static void std::_Function_base::_Base_manager<_Functor>::_M_init_functor(std::_Any_data&, _Functor&&) [with _Functor = int (*)(unsigned int, unsigned int, float*)]	32	static
std_function.h:283:7:) [with _Res = int; _Functor = int (*)(unsigned int, unsigned int, float*); _ArgTypes = {unsigned int, unsigned int, float*}]	40	static
std_function.h:196:2:static bool std::_Function_base::_Base_manager<_Functor>::_M_manager(std::_Any_data&, const std::_Any_data&, std::_Manager_operation) [with _Functor = int (*)(unsigned int, unsigned int, float*)]	40	static
std_function.h:247:2:static void std::_Function_base::_Base_manager<_Functor>::_M_init_functor(std::_Any_data&, _Functor&&, std::true_type) [with _Functor = ei::numpy::signal_from_buffer(float*, size_t, ei::signal_t*)::<lambda(size_t, size_t, float*)>]	32	static
std_function.h:151:2:static _Functor* std::_Function_base::_Base_manager<_Functor>::_M_get_pointer(const std::_Any_data&) [with _Functor = ei::numpy::signal_from_buffer(float*, size_t, ei::signal_t*)::<lambda(size_t, size_t, float*)>]	24	static
std_function.h:92:7:_Tp& std::_Any_data::_M_access() [with _Tp = ei::numpy::signal_from_buffer(float*, size_t, ei::signal_t*)::<lambda(size_t, size_t, float*)>*]	16	static
std_function.h:165:2:static void std::_Function_base::_Base_manager<_Functor>::_M_clone(std::_Any_data&, const std::_Any_data&, std::true_type) [with _Functor = ei::numpy::signal_from_buffer(float*, size_t, ei::signal_t*)::<lambda(size_t, size_t, float*)>]	32	static
std_function.h:182:2:static void std::_Function_base::_Base_manager<_Functor>::_M_destroy(std::_Any_data&, std::true_type) [with _Functor = ei::numpy::signal_from_buffer(float*, size_t, ei::signal_t*)::<lambda(size_t, size_t, float*)>]	16	static
stl_vector.h:1773:7:static std::vector<_Tp, _Alloc>::size_type std::vector<_Tp, _Alloc>::_S_max_size(const _Tp_alloc_type&) [with _Tp = short int; _Alloc = std::allocator<short int>]	24	static
allocator.h:141:7:std::allocator< <template-parameter-1-1> >::allocator(const std::allocator< <template-parameter-1-1> >&) [with _Tp = short int]	16	static
stl_vector.h:133:2:std::_Vector_base<_Tp, _Alloc>::_Vector_impl::_Vector_impl(const _Tp_alloc_type&) [with _Tp = short int; _Alloc = std::allocator<short int>]	16	static
stl_vector.h:356:7:void std::_Vector_base<_Tp, _Alloc>::_M_create_storage(std::size_t) [with _Tp = short int; _Alloc = std::allocator<short int>]	16	static
stl_uninitialized.h:661:5:_ForwardIterator std::__uninitialized_default_n_a(_ForwardIterator, _Size, std::allocator<_Tp>&) [with _ForwardIterator = short int*; _Size = unsigned int; _Tp = short int]	24	static
stl_uninitialized.h:382:5:_ForwardIterator std::__uninitialized_fill_n_a(_ForwardIterator, _Size, const _Tp&, std::allocator<_Tp2>&) [with _ForwardIterator = short int*; _Size = unsigned int; _Tp = short int; _Tp2 = short int]	24	static
stl_vector.h:1773:7:static std::vector<_Tp, _Alloc>::size_type std::vector<_Tp, _Alloc>::_S_max_size(const _Tp_alloc_type&) [with _Tp = float; _Alloc = std::allocator<float>]	24	static
allocator.h:141:7:std::allocator< <template-parameter-1-1> >::allocator(const std::allocator< <template-parameter-1-1> >&) [with _Tp = float]	16	static
stl_vector.h:133:2:std::_Vector_base<_Tp, _Alloc>::_Vector_impl::_Vector_impl(const _Tp_alloc_type&) [with _Tp = float; _Alloc = std::allocator<float>]	16	static
stl_vector.h:356:7:void std::_Vector_base<_Tp, _Alloc>::_M_create_storage(std::size_t) [with _Tp = float; _Alloc = std::allocator<float>]	16	static
stl_vector.h:347:7:void std::_Vector_base<_Tp, _Alloc>::_M_deallocate(std::_Vector_base<_Tp, _Alloc>::pointer, std::size_t) [with _Tp = float; _Alloc = std::allocator<float>]	24	static
stl_uninitialized.h:382:5:_ForwardIterator std::__uninitialized_fill_n_a(_ForwardIterator, _Size, const _Tp&, std::allocator<_Tp2>&) [with _ForwardIterator = float*; _Size = unsigned int; _Tp = float; _Tp2 = float]	24	static
stl_construct.h:127:5:void std::_Destroy(_ForwardIterator, _ForwardIterator) [with _ForwardIterator = float*]	16	static
stl_iterator.h:806:7:__gnu_cxx::__normal_iterator<_Iterator, _Container>::__normal_iterator(const _Iterator&) [with _Iterator = float*; _Container = std::vector<float>]	16	static
stl_iterator.h:871:7:const _Iterator& __gnu_cxx::__normal_iterator<_Iterator, _Container>::base() const [with _Iterator = float*; _Container = std::vector<float>]	16	static
alloc_traits.h:469:7:static void std::allocator_traits<std::allocator<_CharT> >::deallocate(std::allocator_traits<std::allocator<_CharT> >::allocator_type&, std::allocator_traits<std::allocator<_CharT> >::pointer, std::allocator_traits<std::allocator<_CharT> >::size_type) [with _Tp = short int]	24	static
stl_construct.h:117:9:static void std::_Destroy_aux<true>::__destroy(_ForwardIterator, _ForwardIterator) [with _ForwardIterator = short int*]	16	static
new_allocator.h:119:7:void __gnu_cxx::new_allocator<_Tp>::deallocate(__gnu_cxx::new_allocator<_Tp>::pointer, __gnu_cxx::new_allocator<_Tp>::size_type) [with _Tp = ei::spectral::processing::freq_peak_t]	24	static
stl_construct.h:117:9:static void std::_Destroy_aux<true>::__destroy(_ForwardIterator, _ForwardIterator) [with _ForwardIterator = ei::spectral::processing::freq_peak_t*]	16	static
stl_vector.h:920:7:std::vector<_Tp, _Alloc>::size_type std::vector<_Tp, _Alloc>::max_size() const [with _Tp = ei::spectral::processing::freq_peak_t; _Alloc = std::allocator<ei::spectral::processing::freq_peak_t>]	16	static
stl_algobase.h:222:5:constexpr const _Tp& std::max(const _Tp&, const _Tp&) [with _Tp = unsigned int]	16	static
alloc_traits.h:443:7:static _Tp* std::allocator_traits<std::allocator<_CharT> >::allocate(std::allocator_traits<std::allocator<_CharT> >::allocator_type&, std::allocator_traits<std::allocator<_CharT> >::size_type) [with _Tp = ei::spectral::processing::freq_peak_t]	16	static
stl_vector.h:450:7:static std::vector<_Tp, _Alloc>::pointer std::vector<_Tp, _Alloc>::_S_do_relocate(std::vector<_Tp, _Alloc>::pointer, std::vector<_Tp, _Alloc>::pointer, std::vector<_Tp, _Alloc>::pointer, std::vector<_Tp, _Alloc>::_Tp_alloc_type&, std::true_type) [with _Tp = ei::spectral::processing::freq_peak_t; _Alloc = std::allocator<ei::spectral::processing::freq_peak_t>]	24	static
stl_iterator.h:1242:5:_ReturnType std::__make_move_if_noexcept_iterator(_Tp*) [with _Tp = ei::spectral::processing::freq_peak_t; _ReturnType = std::move_iterator<ei::spectral::processing::freq_peak_t*>]	24	static
stl_uninitialized.h:305:5:_ForwardIterator std::__uninitialized_copy_a(_InputIterator, _InputIterator, _ForwardIterator, std::allocator<_Tp>&) [with _InputIterator = std::move_iterator<ei::spectral::processing::freq_peak_t*>; _ForwardIterator = ei::spectral::processing::freq_peak_t*; _Tp = ei::spectral::processing::freq_peak_t]	24	static
stl_algo.h:1927:5:void std::__partial_sort(_RandomAccessIterator, _RandomAccessIterator, _RandomAccessIterator, _Compare) [with _RandomAccessIterator = __gnu_cxx::__normal_iterator<ei::spectral::processing::freq_peak_t*, std::vector<ei::spectral::processing::freq_peak_t> >; _Compare = __gnu_cxx::__ops::_Iter_comp_iter<ei::spectral::processing::find_fft_peaks(ei::matrix_t*, ei::matrix_t*, float, float, uint16_t)::<lambda(const ei::spectral::processing::freq_peak_t&, const ei::spectral::processing::freq_peak_t&)> >]	24	static
stl_algo.h:1916:5:_RandomAccessIterator std::__unguarded_partition_pivot(_RandomAccessIterator, _RandomAccessIterator, _Compare) [with _RandomAccessIterator = __gnu_cxx::__normal_iterator<ei::spectral::processing::freq_peak_t*, std::vector<ei::spectral::processing::freq_peak_t> >; _Compare = __gnu_cxx::__ops::_Iter_comp_iter<ei::spectral::processing::find_fft_peaks(ei::matrix_t*, ei::matrix_t*, float, float, uint16_t)::<lambda(const ei::spectral::processing::freq_peak_t&, const ei::spectral::processing::freq_peak_t&)> >]	48	static
stl_iterator.h:859:7:__gnu_cxx::__normal_iterator<_Iterator, _Container> __gnu_cxx::__normal_iterator<_Iterator, _Container>::operator+(__gnu_cxx::__normal_iterator<_Iterator, _Container>::difference_type) const [with _Iterator = ei::spectral::processing::freq_peak_t*; _Container = std::vector<ei::spectral::processing::freq_peak_t>]	24	static
stl_algo.h:1839:5:void std::__insertion_sort(_RandomAccessIterator, _RandomAccessIterator, _Compare) [with _RandomAccessIterator = __gnu_cxx::__normal_iterator<ei::spectral::processing::freq_peak_t*, std::vector<ei::spectral::processing::freq_peak_t> >; _Compare = __gnu_cxx::__ops::_Iter_comp_iter<ei::spectral::processing::find_fft_peaks(ei::matrix_t*, ei::matrix_t*, float, float, uint16_t)::<lambda(const ei::spectral::processing::freq_peak_t&, const ei::spectral::processing::freq_peak_t&)> >]	48	static
stl_algo.h:1862:5:void std::__unguarded_insertion_sort(_RandomAccessIterator, _RandomAccessIterator, _Compare) [with _RandomAccessIterator = __gnu_cxx::__normal_iterator<ei::spectral::processing::freq_peak_t*, std::vector<ei::spectral::processing::freq_peak_t> >; _Compare = __gnu_cxx::__ops::_Iter_comp_iter<ei::spectral::processing::find_fft_peaks(ei::matrix_t*, ei::matrix_t*, float, float, uint16_t)::<lambda(const ei::spectral::processing::freq_peak_t&, const ei::spectral::processing::freq_peak_t&)> >]	40	static
new_allocator.h:119:7:void __gnu_cxx::new_allocator<_Tp>::deallocate(__gnu_cxx::new_allocator<_Tp>::pointer, __gnu_cxx::new_allocator<_Tp>::size_type) [with _Tp = ei::spectral::processing::freq_peak_i16_t]	24	static
stl_construct.h:117:9:static void std::_Destroy_aux<true>::__destroy(_ForwardIterator, _ForwardIterator) [with _ForwardIterator = ei::spectral::processing::freq_peak_i16_t*]	16	static
stl_vector.h:920:7:std::vector<_Tp, _Alloc>::size_type std::vector<_Tp, _Alloc>::max_size() const [with _Tp = ei::spectral::processing::freq_peak_i16_t; _Alloc = std::allocator<ei::spectral::processing::freq_peak_i16_t>]	16	static
alloc_traits.h:443:7:static _Tp* std::allocator_traits<std::allocator<_CharT> >::allocate(std::allocator_traits<std::allocator<_CharT> >::allocator_type&, std::allocator_traits<std::allocator<_CharT> >::size_type) [with _Tp = ei::spectral::processing::freq_peak_i16_t]	16	static
stl_vector.h:450:7:static std::vector<_Tp, _Alloc>::pointer std::vector<_Tp, _Alloc>::_S_do_relocate(std::vector<_Tp, _Alloc>::pointer, std::vector<_Tp, _Alloc>::pointer, std::vector<_Tp, _Alloc>::pointer, std::vector<_Tp, _Alloc>::_Tp_alloc_type&, std::true_type) [with _Tp = ei::spectral::processing::freq_peak_i16_t; _Alloc = std::allocator<ei::spectral::processing::freq_peak_i16_t>]	24	static
stl_iterator.h:1242:5:_ReturnType std::__make_move_if_noexcept_iterator(_Tp*) [with _Tp = ei::spectral::processing::freq_peak_i16_t; _ReturnType = std::move_iterator<ei::spectral::processing::freq_peak_i16_t*>]	24	static
[...]
predefined_ops.h:207:7:__gnu_cxx::__ops::_Val_comp_iter<_Compare>::_Val_comp_iter(__gnu_cxx::__ops::_Iter_comp_iter<_Compare>&&) [with _Compare = ei::spectral::processing::find_fft_peaks(ei::matrix_i32_t*, ei::matrix_i32_t*, float, float, uint16_t)::<lambda(const ei::spectral::processing::freq_peak_i32_t&, const ei::spectral::processing::freq_peak_i32_t&)>]	16	static
predefined_ops.h:214:2:bool __gnu_cxx::__ops::_Val_comp_iter<_Compare>::operator()(_Value&, _Iterator) [with _Value = ei::spectral::processing::freq_peak_i32_t; _Iterator = __gnu_cxx::__normal_iterator<ei::spectral::processing::freq_peak_i32_t*, std::vector<ei::spectral::processing::freq_peak_i32_t> >; _Compare = ei::spectral::processing::find_fft_peaks(ei::matrix_i32_t*, ei::matrix_i32_t*, float, float, uint16_t)::<lambda(const ei::spectral::processing::freq_peak_i32_t&, const ei::spectral::processing::freq_peak_i32_t&)>]	32	static
stl_vector.h:1773:7:static std::vector<_Tp, _Alloc>::size_type std::vector<_Tp, _Alloc>::_S_max_size(const _Tp_alloc_type&) [with _Tp = long unsigned int; _Alloc = std::allocator<long unsigned int>]	24	static
stl_vector.h:277:7:const _Tp_alloc_type& std::_Vector_base<_Tp, _Alloc>::_M_get_Tp_allocator() const [with _Tp = long unsigned int; _Alloc = std::allocator<long unsigned int>]	16	static
new_allocator.h:102:7:_Tp* __gnu_cxx::new_allocator<_Tp>::allocate(__gnu_cxx::new_allocator<_Tp>::size_type, const void*) [with _Tp = long unsigned int]	24	static
stl_uninitialized.h:958:5:_ForwardIterator std::__relocate_a(_InputIterator, _InputIterator, _ForwardIterator, _Allocator&) [with _InputIterator = long unsigned int*; _ForwardIterator = long unsigned int*; _Allocator = std::allocator<long unsigned int>]	32	static
stl_iterator.h:1057:7:std::move_iterator<_Iterator>::move_iterator(std::move_iterator<_Iterator>::iterator_type) [with _Iterator = long unsigned int*]	16	static
stl_uninitialized.h:115:5:_ForwardIterator std::uninitialized_copy(_InputIterator, _InputIterator, _ForwardIterator) [with _InputIterator = std::move_iterator<long unsigned int*>; _ForwardIterator = long unsigned int*]	32	static
new_allocator.h:102:7:_Tp* __gnu_cxx::new_allocator<_Tp>::allocate(__gnu_cxx::new_allocator<_Tp>::size_type, const void*) [with _Tp = short int]	24	static
stl_algobase.h:802:5:_OI std::fill_n(_OI, _Size, const _Tp&) [with _OI = short int*; _Size = unsigned int; _Tp = short int]	24	static
new_allocator.h:102:7:_Tp* __gnu_cxx::new_allocator<_Tp>::allocate(__gnu_cxx::new_allocator<_Tp>::size_type, const void*) [with _Tp = float]	24	static
stl_algobase.h:802:5:_OI std::fill_n(_OI, _Size, const _Tp&) [with _OI = float*; _Size = unsigned int; _Tp = float]	24	static
stl_algobase.h:465:5:_OI std::copy(_II, _II, _OI) [with _II = std::move_iterator<ei::spectral::processing::freq_peak_t*>; _OI = ei::spectral::processing::freq_peak_t*]	32	static
stl_heap.h:214:5:void std::__adjust_heap(_RandomAccessIterator, _Distance, _Distance, _Tp, _Compare) [with _RandomAccessIterator = __gnu_cxx::__normal_iterator<ei::spectral::processing::freq_peak_t*, std::vector<ei::spectral::processing::freq_peak_t> >; _Distance = int; _Tp = ei::spectral::processing::freq_peak_t; _Compare = __gnu_cxx::__ops::_Iter_comp_iter<ei::spectral::processing::find_fft_peaks(ei::matrix_t*, ei::matrix_t*, float, float, uint16_t)::<lambda(const ei::spectral::processing::freq_peak_t&, const ei::spectral::processing::freq_peak_t&)> >]	72	static
move.h:182:5:typename std::enable_if<std::__and_<std::__not_<std::__is_tuple_like<_Tp> >, std::is_move_constructible<_Tp>, std::is_move_assignable<_Tp> >::value>::type std::swap(_Tp&, _Tp&) [with _Tp = ei::spectral::processing::freq_peak_t]	24	static
stl_iterator.h:1010:5:_Iterator std::__niter_base(__gnu_cxx::__normal_iterator<_Iterator, _Container>) [with _Iterator = ei::spectral::processing::freq_peak_t*; _Container = std::vector<ei::spectral::processing::freq_peak_t>]	16	static
stl_algobase.h:595:5:_BI2 std::__copy_move_backward_a(_BI1, _BI1, _BI2) [with bool _IsMove = true; _BI1 = ei::spectral::processing::freq_peak_t*; _BI2 = ei::spectral::processing::freq_peak_t*]	32	static
stl_algobase.h:289:5:_From std::__niter_wrap(_From, _To) [with _From = __gnu_cxx::__normal_iterator<ei::spectral::processing::freq_peak_t*, std::vector<ei::spectral::processing::freq_peak_t> >; _To = ei::spectral::processing::freq_peak_t*]	16	static
stl_algobase.h:465:5:_OI std::copy(_II, _II, _OI) [with _II = std::move_iterator<ei::spectral::processing::freq_peak_i16_t*>; _OI = ei::spectral::processing::freq_peak_i16_t*]	32	static
stl_heap.h:214:5:void std::__adjust_heap(_RandomAccessIterator, _Distance, _Distance, _Tp, _Compare) [with _RandomAccessIterator = __gnu_cxx::__normal_iterator<ei::spectral::processing::freq_peak_i16_t*, std::vector<ei::spectral::processing::freq_peak_i16_t> >; _Distance = int; _Tp = ei::spectral::processing::freq_peak_i16_t; _Compare = __gnu_cxx::__ops::_Iter_comp_iter<ei::spectral::processing::find_fft_peaks(ei::matrix_i16_t*, ei::matrix_i16_t*, float, float, uint16_t)::<lambda(const ei::spectral::processing::freq_peak_i16_t&, const ei::spectral::processing::freq_peak_i16_t&)> >]	72	static
move.h:182:5:typename std::enable_if<std::__and_<std::__not_<std::__is_tuple_like<_Tp> >, std::is_move_constructible<_Tp>, std::is_move_assignable<_Tp> >::value>::type std::swap(_Tp&, _Tp&) [with _Tp = ei::spectral::processing::freq_peak_i16_t]	24	static
stl_iterator.h:1010:5:_Iterator std::__niter_base(__gnu_cxx::__normal_iterator<_Iterator, _Container>) [with _Iterator = ei::spectral::processing::freq_peak_i16_t*; _Container = std::vector<ei::spectral::processing::freq_peak_i16_t>]	16	static
stl_algobase.h:595:5:_BI2 std::__copy_move_backward_a(_BI1, _BI1, _BI2) [with bool _IsMove = true; _BI1 = ei::spectral::processing::freq_peak_i16_t*; _BI2 = ei::spectral::processing::freq_peak_i16_t*]	32	static
stl_algobase.h:289:5:_From std::__niter_wrap(_From, _To) [with _From = __gnu_cxx::__normal_iterator<ei::spectral::processing::freq_peak_i16_t*, std::vector<ei::spectral::processing::freq_peak_i16_t> >; _To = ei::spectral::processing::freq_peak_i16_t*]	16	static
stl_algobase.h:465:5:_OI std::copy(_II, _II, _OI) [with _II = std::move_iterator<ei::spectral::processing::freq_peak_i32_t*>; _OI = ei::spectral::processing::freq_peak_i32_t*]	32	static
stl_heap.h:214:5:void std::__adjust_heap(_RandomAccessIterator, _Distance, _Distance, _Tp, _Compare) [with _RandomAccessIterator = __gnu_cxx::__normal_iterator<ei::spectral::processing::freq_peak_i32_t*, std::vector<ei::spectral::processing::freq_peak_i32_t> >; _Distance = int; _Tp = ei::spectral::processing::freq_peak_i32_t; _Compare = __gnu_cxx::__ops::_Iter_comp_iter<ei::spectral::processing::find_fft_peaks(ei::matrix_i32_t*, ei::matrix_i32_t*, float, float, uint16_t)::<lambda(const ei::spectral::processing::freq_peak_i32_t&, const ei::spectral::processing::freq_peak_i32_t&)> >]	72	static
move.h:182:5:typename std::enable_if<std::__and_<std::__not_<std::__is_tuple_like<_Tp> >, std::is_move_constructible<_Tp>, std::is_move_assignable<_Tp> >::value>::type std::swap(_Tp&, _Tp&) [with _Tp = ei::spectral::processing::freq_peak_i32_t]	24	static
stl_iterator.h:1010:5:_Iterator std::__niter_base(__gnu_cxx::__normal_iterator<_Iterator, _Container>) [with _Iterator = ei::spectral::processing::freq_peak_i32_t*; _Container = std::vector<ei::spectral::processing::freq_peak_i32_t>]	16	static
stl_algobase.h:595:5:_BI2 std::__copy_move_backward_a(_BI1, _BI1, _BI2) [with bool _IsMove = true; _BI1 = ei::spectral::processing::freq_peak_i32_t*; _BI2 = ei::spectral::processing::freq_peak_i32_t*]	32	static
stl_algobase.h:289:5:_From std::__niter_wrap(_From, _To) [with _From = __gnu_cxx::__normal_iterator<ei::spectral::processing::freq_peak_i32_t*, std::vector<ei::spectral::processing::freq_peak_i32_t> >; _To = ei::spectral::processing::freq_peak_i32_t*]	16	static
alloc_traits.h:505:7:static std::allocator_traits<std::allocator<_CharT> >::size_type std::allocator_traits<std::allocator<_CharT> >::max_size(const allocator_type&) [with _Tp = long unsigned int]	16	static
new_allocator.h:132:7:__gnu_cxx::new_allocator<_Tp>::size_type __gnu_cxx::new_allocator<_Tp>::max_size() const [with _Tp = long unsigned int]	16	static
stl_algobase.h:280:5:_Iterator std::__niter_base(_Iterator) [with _Iterator = long unsigned int*]	16	static
stl_uninitialized.h:924:5:std::__enable_if_t<std::__is_bitwise_relocatable<_Tp>::value, _Tp*> std::__relocate_a_1(_Tp*, _Tp*, _Tp*, std::allocator<_T2>&) [with _Tp = long unsigned int; _Up = long unsigned int]	32	static
stl_uninitialized.h:99:9:static _ForwardIterator std::__uninitialized_copy<true>::__uninit_copy(_InputIterator, _InputIterator, _ForwardIterator) [with _InputIterator = std::move_iterator<long unsigned int*>; _ForwardIterator = long unsigned int*]	24	static
stl_algobase.h:280:5:_Iterator std::__niter_base(_Iterator) [with _Iterator = short int*]	16	static
stl_algobase.h:767:5:typename __gnu_cxx::__enable_if<std::__is_scalar<_Tp>::__value, _OutputIterator>::__type std::__fill_n_a(_OutputIterator, _Size, const _Tp&) [with _OutputIterator = short int*; _Size = unsigned int; _Tp = short int]	32	static
stl_algobase.h:295:5:_Iterator std::__niter_wrap(const _Iterator&, _Iterator) [with _Iterator = short int*]	16	static
stl_algobase.h:280:5:_Iterator std::__niter_base(_Iterator) [with _Iterator = float*]	16	static
stl_algobase.h:767:5:typename __gnu_cxx::__enable_if<std::__is_scalar<_Tp>::__value, _OutputIterator>::__type std::__fill_n_a(_OutputIterator, _Size, const _Tp&) [with _OutputIterator = float*; _Size = unsigned int; _Tp = float]	32	static
stl_algobase.h:295:5:_Iterator std::__niter_wrap(const _Iterator&, _Iterator) [with _Iterator = float*]	16	static
stl_iterator.h:1262:5:base())) std::__miter_base(std::move_iterator<_IteratorL>) [with _Iterator = ei::spectral::processing::freq_peak_t*]	16	static
stl_algobase.h:438:5:_OI std::__copy_move_a2(_II, _II, _OI) [with bool _IsMove = true; _II = ei::spectral::processing::freq_peak_t*; _OI = ei::spectral::processing::freq_peak_t*]	32	static
predefined_ops.h:169:7:__gnu_cxx::__ops::_Iter_comp_val<_Compare>::_Iter_comp_val(__gnu_cxx::__ops::_Iter_comp_iter<_Compare>&&) [with _Compare = ei::spectral::processing::find_fft_peaks(ei::matrix_t*, ei::matrix_t*, float, float, uint16_t)::<lambda(const ei::spectral::processing::freq_peak_t&, const ei::spectral::processing::freq_peak_t&)>]	16	static
stl_heap.h:128:5:void std::__push_heap(_RandomAccessIterator, _Distance, _Distance, _Tp, _Compare&) [with _RandomAccessIterator = __gnu_cxx::__normal_iterator<ei::spectral::processing::freq_peak_t*, std::vector<ei::spectral::processing::freq_peak_t> >; _Distance = int; _Tp = ei::spectral::processing::freq_peak_t; _Compare = __gnu_cxx::__ops::_Iter_comp_val<ei::spectral::processing::find_fft_peaks(ei::matrix_t*, ei::matrix_t*, float, float, uint16_t)::<lambda(const ei::spectral::processing::freq_peak_t&, const ei::spectral::processing::freq_peak_t&)> >]	56	static
stl_algobase.h:577:2:static _Tp* std::__copy_move_backward<_IsMove, true, std::random_access_iterator_tag>::__copy_move_b(const _Tp*, const _Tp*, _Tp*) [with _Tp = ei::spectral::processing::freq_peak_t; bool _IsMove = true]	32	static
stl_iterator.h:1262:5:base())) std::__miter_base(std::move_iterator<_IteratorL>) [with _Iterator = ei::spectral::processing::freq_peak_i16_t*]	16	static
stl_algobase.h:438:5:_OI std::__copy_move_a2(_II, _II, _OI) [with bool _IsMove = true; _II = ei::spectral::processing::freq_peak_i16_t*; _OI = ei::spectral::processing::freq_peak_i16_t*]	32	static
predefined_ops.h:169:7:__gnu_cxx::__ops::_Iter_comp_val<_Compare>::_Iter_comp_val(__gnu_cxx::__ops::_Iter_comp_iter<_Compare>&&) [with _Compare = ei::spectral::processing::find_fft_peaks(ei::matrix_i16_t*, ei::matrix_i16_t*, float, float, uint16_t)::<lambda(const ei::spectral::processing::freq_peak_i16_t&, const ei::spectral::processing::freq_peak_i16_t&)>]	16	static
stl_heap.h:128:5:void std::__push_heap(_RandomAccessIterator, _Distance, _Distance, _Tp, _Compare&) [with _RandomAccessIterator = __gnu_cxx::__normal_iterator<ei::spectral::processing::freq_peak_i16_t*, std::vector<ei::spectral::processing::freq_peak_i16_t> >; _Distance = int; _Tp = ei::spectral::processing::freq_peak_i16_t; _Compare = __gnu_cxx::__ops::_Iter_comp_val<ei::spectral::processing::find_fft_peaks(ei::matrix_i16_t*, ei::matrix_i16_t*, float, float, uint16_t)::<lambda(const ei::spectral::processing::freq_peak_i16_t&, const ei::spectral::processing::freq_peak_i16_t&)> >]	48	static
stl_algobase.h:577:2:static _Tp* std::__copy_move_backward<_IsMove, true, std::random_access_iterator_tag>::__copy_move_b(const _Tp*, const _Tp*, _Tp*) [with _Tp = ei::spectral::processing::freq_peak_i16_t; bool _IsMove = true]	32	static
stl_iterator.h:1262:5:base())) std::__miter_base(std::move_iterator<_IteratorL>) [with _Iterator = ei::spectral::processing::freq_peak_i32_t*]	16	static
stl_algobase.h:438:5:_OI std::__copy_move_a2(_II, _II, _OI) [with bool _IsMove = true; _II = ei::spectral::processing::freq_peak_i32_t*; _OI = ei::spectral::processing::freq_peak_i32_t*]	32	static
predefined_ops.h:169:7:__gnu_cxx::__ops::_Iter_comp_val<_Compare>::_Iter_comp_val(__gnu_cxx::__ops::_Iter_comp_iter<_Compare>&&) [with _Compare = ei::spectral::processing::find_fft_peaks(ei::matrix_i32_t*, ei::matrix_i32_t*, float, float, uint16_t)::<lambda(const ei::spectral::processing::freq_peak_i32_t&, const ei::spectral::processing::freq_peak_i32_t&)>]	16	static
stl_heap.h:128:5:void std::__push_heap(_RandomAccessIterator, _Distance, _Distance, _Tp, _Compare&) [with _RandomAccessIterator = __gnu_cxx::__normal_iterator<ei::spectral::processing::freq_peak_i32_t*, std::vector<ei::spectral::processing::freq_peak_i32_t> >; _Distance = int; _Tp = ei::spectral::processing::freq_peak_i32_t; _Compare = __gnu_cxx::__ops::_Iter_comp_val<ei::spectral::processing::find_fft_peaks(ei::matrix_i32_t*, ei::matrix_i32_t*, float, float, uint16_t)::<lambda(const ei::spectral::processing::freq_peak_i32_t&, const ei::spectral::processing::freq_peak_i32_t&)> >]	48	static
stl_algobase.h:577:2:static _Tp* std::__copy_move_backward<_IsMove, true, std::random_access_iterator_tag>::__copy_move_b(const _Tp*, const _Tp*, _Tp*) [with _Tp = ei::spectral::processing::freq_peak_i32_t; bool _IsMove = true]	32	static
stl_algobase.h:465:5:_OI std::copy(_II, _II, _OI) [with _II = std::move_iterator<long unsigned int*>; _OI = long unsigned int*]	32	static
stl_iterator.h:1066:7:std::move_iterator<_Iterator>::iterator_type std::move_iterator<_Iterator>::base() const [with _Iterator = ei::spectral::processing::freq_peak_t*]	16	static
cpp_type_traits.h:428:5:_Iterator std::__miter_base(_Iterator) [with _Iterator = ei::spectral::processing::freq_peak_t*]	16	static
stl_algobase.h:393:5:_OI std::__copy_move_a(_II, _II, _OI) [with bool _IsMove = true; _II = ei::spectral::processing::freq_peak_t*; _OI = ei::spectral::processing::freq_peak_t*]	32	static
stl_algobase.h:295:5:_Iterator std::__niter_wrap(const _Iterator&, _Iterator) [with _Iterator = ei::spectral::processing::freq_peak_t*]	16	static
predefined_ops.h:176:2:bool __gnu_cxx::__ops::_Iter_comp_val<_Compare>::operator()(_Iterator, _Value&) [with _Iterator = __gnu_cxx::__normal_iterator<ei::spectral::processing::freq_peak_t*, std::vector<ei::spectral::processing::freq_peak_t> >; _Value = ei::spectral::processing::freq_peak_t; _Compare = ei::spectral::processing::find_fft_peaks(ei::matrix_t*, ei::matrix_t*, float, float, uint16_t)::<lambda(const ei::spectral::processing::freq_peak_t&, const ei::spectral::processing::freq_peak_t&)>]	32	static
stl_iterator.h:1066:7:std::move_iterator<_Iterator>::iterator_type std::move_iterator<_Iterator>::base() const [with _Iterator = ei::spectral::processing::freq_peak_i16_t*]	16	static
cpp_type_traits.h:428:5:_Iterator std::__miter_base(_Iterator) [with _Iterator = ei::spectral::processing::freq_peak_i16_t*]	16	static
stl_algobase.h:393:5:_OI std::__copy_move_a(_II, _II, _OI) [with bool _IsMove = true; _II = ei::spectral::processing::freq_peak_i16_t*; _OI = ei::spectral::processing::freq_peak_i16_t*]	32	static
stl_algobase.h:295:5:_Iterator std::__niter_wrap(const _Iterator&, _Iterator) [with _Iterator = ei::spectral::processing::freq_peak_i16_t*]	16	static
predefined_ops.h:176:2:bool __gnu_cxx::__ops::_Iter_comp_val<_Compare>::operator()(_Iterator, _Value&) [with _Iterator = __gnu_cxx::__normal_iterator<ei::spectral::processing::freq_peak_i16_t*, std::vector<ei::spectral::processing::freq_peak_i16_t> >; _Value = ei::spectral::processing::freq_peak_i16_t; _Compare = ei::spectral::processing::find_fft_peaks(ei::matrix_i16_t*, ei::matrix_i16_t*, float, float, uint16_t)::<lambda(const ei::spectral::processing::freq_peak_i16_t&, const ei::spectral::processing::freq_peak_i16_t&)>]	32	static
stl_iterator.h:1066:7:std::move_iterator<_Iterator>::iterator_type std::move_iterator<_Iterator>::base() const [with _Iterator = ei::spectral::processing::freq_peak_i32_t*]	16	static
cpp_type_traits.h:428:5:_Iterator std::__miter_base(_Iterator) [with _Iterator = ei::spectral::processing::freq_peak_i32_t*]	16	static
stl_algobase.h:393:5:_OI std::__copy_move_a(_II, _II, _OI) [with bool _IsMove = true; _II = ei::spectral::processing::freq_peak_i32_t*; _OI = ei::spectral::processing::freq_peak_i32_t*]	32	static
stl_algobase.h:295:5:_Iterator std::__niter_wrap(const _Iterator&, _Iterator) [with _Iterator = ei::spectral::processing::freq_peak_i32_t*]	16	static
predefined_ops.h:176:2:bool __gnu_cxx::__ops::_Iter_comp_val<_Compare>::operator()(_Iterator, _Value&) [with _Iterator = __gnu_cxx::__normal_iterator<ei::spectral::processing::freq_peak_i32_t*, std::vector<ei::spectral::processing::freq_peak_i32_t> >; _Value = ei::spectral::processing::freq_peak_i32_t; _Compare = ei::spectral::processing::find_fft_peaks(ei::matrix_i32_t*, ei::matrix_i32_t*, float, float, uint16_t)::<lambda(const ei::spectral::processing::freq_peak_i32_t&, const ei::spectral::processing::freq_peak_i32_t&)>]	32	static
stl_iterator.h:1262:5:base())) std::__miter_base(std::move_iterator<_IteratorL>) [with _Iterator = long unsigned int*]	16	static
stl_algobase.h:438:5:_OI std::__copy_move_a2(_II, _II, _OI) [with bool _IsMove = true; _II = long unsigned int*; _OI = long unsigned int*]	32	static
stl_algobase.h:375:2:static _Tp* std::__copy_move<_IsMove, true, std::random_access_iterator_tag>::__copy_m(const _Tp*, const _Tp*, _Tp*) [with _Tp = ei::spectral::processing::freq_peak_t; bool _IsMove = true]	32	static
stl_algobase.h:375:2:static _Tp* std::__copy_move<_IsMove, true, std::random_access_iterator_tag>::__copy_m(const _Tp*, const _Tp*, _Tp*) [with _Tp = ei::spectral::processing::freq_peak_i16_t; bool _IsMove = true]	32	static
stl_algobase.h:375:2:static _Tp* std::__copy_move<_IsMove, true, std::random_access_iterator_tag>::__copy_m(const _Tp*, const _Tp*, _Tp*) [with _Tp = ei::spectral::processing::freq_peak_i32_t; bool _IsMove = true]	32	static
stl_iterator.h:1066:7:std::move_iterator<_Iterator>::iterator_type std::move_iterator<_Iterator>::base() const [with _Iterator = long unsigned int*]	16	static
cpp_type_traits.h:428:5:_Iterator std::__miter_base(_Iterator) [with _Iterator = long unsigned int*]	16	static
stl_algobase.h:393:5:_OI std::__copy_move_a(_II, _II, _OI) [with bool _IsMove = true; _II = long unsigned int*; _OI = long unsigned int*]	32	static
stl_algobase.h:295:5:_Iterator std::__niter_wrap(const _Iterator&, _Iterator) [with _Iterator = long unsigned int*]	16	static
stl_algobase.h:375:2:static _Tp* std::__copy_move<_IsMove, true, std::random_access_iterator_tag>::__copy_m(const _Tp*, const _Tp*, _Tp*) [with _Tp = long unsigned int; bool _IsMove = true]	32	static
main.cpp:403:1:void __static_initialization_and_destruction_0(int, int)	16	static
main.cpp:403:1:cpp)	8	static
main.cpp:403:1:cpp)	8	static
